Archive member included to satisfy reference by file (symbol)

c:/nxp/mcuxpressoide_11.4.0_6237/ide/plugins/com.nxp.mcuxpresso.tools.win32_11.4.0.202103011116/tools/bin/../lib/gcc/arm-none-eabi/10.2.1/../../../../arm-none-eabi/lib/thumb/v7e-m+fp/hard\libcr_semihost_nf.a(_cr__main.o)
                              ./startup/startup_mk64f12.o (__main)
c:/nxp/mcuxpressoide_11.4.0_6237/ide/plugins/com.nxp.mcuxpresso.tools.win32_11.4.0.202103011116/tools/bin/../lib/gcc/arm-none-eabi/10.2.1/../../../../arm-none-eabi/lib/thumb/v7e-m+fp/hard\libcr_semihost_nf.a(_cr_assert.o)
                              ./drivers/fsl_adc16.o (__assertion_failed)
c:/nxp/mcuxpressoide_11.4.0_6237/ide/plugins/com.nxp.mcuxpresso.tools.win32_11.4.0.202103011116/tools/bin/../lib/gcc/arm-none-eabi/10.2.1/../../../../arm-none-eabi/lib/thumb/v7e-m+fp/hard\libcr_semihost_nf.a(__ciob.o)
                              c:/nxp/mcuxpressoide_11.4.0_6237/ide/plugins/com.nxp.mcuxpresso.tools.win32_11.4.0.202103011116/tools/bin/../lib/gcc/arm-none-eabi/10.2.1/../../../../arm-none-eabi/lib/thumb/v7e-m+fp/hard\libcr_semihost_nf.a(_cr_assert.o) (__Ciob)
c:/nxp/mcuxpressoide_11.4.0_6237/ide/plugins/com.nxp.mcuxpresso.tools.win32_11.4.0.202103011116/tools/bin/../lib/gcc/arm-none-eabi/10.2.1/../../../../arm-none-eabi/lib/thumb/v7e-m+fp/hard\libcr_semihost_nf.a(__sys_appexit.o)
                              c:/nxp/mcuxpressoide_11.4.0_6237/ide/plugins/com.nxp.mcuxpresso.tools.win32_11.4.0.202103011116/tools/bin/../lib/gcc/arm-none-eabi/10.2.1/../../../../arm-none-eabi/lib/thumb/v7e-m+fp/hard\libcr_semihost_nf.a(_cr_assert.o) (__sys_appexit)
c:/nxp/mcuxpressoide_11.4.0_6237/ide/plugins/com.nxp.mcuxpresso.tools.win32_11.4.0.202103011116/tools/bin/../lib/gcc/arm-none-eabi/10.2.1/../../../../arm-none-eabi/lib/thumb/v7e-m+fp/hard\libcr_c.a(memcpy.o)
                              ./utilities/fsl_str.o (memcpy)
c:/nxp/mcuxpressoide_11.4.0_6237/ide/plugins/com.nxp.mcuxpresso.tools.win32_11.4.0.202103011116/tools/bin/../lib/gcc/arm-none-eabi/10.2.1/../../../../arm-none-eabi/lib/thumb/v7e-m+fp/hard\libcr_c.a(memset.o)
                              ./freertos/freertos_kernel/stream_buffer.o (memset)
c:/nxp/mcuxpressoide_11.4.0_6237/ide/plugins/com.nxp.mcuxpresso.tools.win32_11.4.0.202103011116/tools/bin/../lib/gcc/arm-none-eabi/10.2.1/../../../../arm-none-eabi/lib/thumb/v7e-m+fp/hard\libcr_c.a(_deferredlazyseek.o)
                              c:/nxp/mcuxpressoide_11.4.0_6237/ide/plugins/com.nxp.mcuxpresso.tools.win32_11.4.0.202103011116/tools/bin/../lib/gcc/arm-none-eabi/10.2.1/../../../../arm-none-eabi/lib/thumb/v7e-m+fp/hard\libcr_semihost_nf.a(_cr_assert.o) (__flsbuf)
c:/nxp/mcuxpressoide_11.4.0_6237/ide/plugins/com.nxp.mcuxpresso.tools.win32_11.4.0.202103011116/tools/bin/../lib/gcc/arm-none-eabi/10.2.1/../../../../arm-none-eabi/lib/thumb/v7e-m+fp/hard\libcr_c.a(_fflush.o)
                              c:/nxp/mcuxpressoide_11.4.0_6237/ide/plugins/com.nxp.mcuxpresso.tools.win32_11.4.0.202103011116/tools/bin/../lib/gcc/arm-none-eabi/10.2.1/../../../../arm-none-eabi/lib/thumb/v7e-m+fp/hard\libcr_c.a(_deferredlazyseek.o) (_fflush)
c:/nxp/mcuxpressoide_11.4.0_6237/ide/plugins/com.nxp.mcuxpresso.tools.win32_11.4.0.202103011116/tools/bin/../lib/gcc/arm-none-eabi/10.2.1/../../../../arm-none-eabi/lib/thumb/v7e-m+fp/hard\libcr_c.a(_writebuf.o)
                              c:/nxp/mcuxpressoide_11.4.0_6237/ide/plugins/com.nxp.mcuxpresso.tools.win32_11.4.0.202103011116/tools/bin/../lib/gcc/arm-none-eabi/10.2.1/../../../../arm-none-eabi/lib/thumb/v7e-m+fp/hard\libcr_c.a(_deferredlazyseek.o) (_Cwritebuf)
c:/nxp/mcuxpressoide_11.4.0_6237/ide/plugins/com.nxp.mcuxpresso.tools.win32_11.4.0.202103011116/tools/bin/../lib/gcc/arm-none-eabi/10.2.1/../../../../arm-none-eabi/lib/thumb/v7e-m+fp/hard\libcr_c.a(alloc.o)
                              ./drivers/fsl_common.o (malloc)
c:/nxp/mcuxpressoide_11.4.0_6237/ide/plugins/com.nxp.mcuxpresso.tools.win32_11.4.0.202103011116/tools/bin/../lib/gcc/arm-none-eabi/10.2.1/../../../../arm-none-eabi/lib/thumb/v7e-m+fp/hard\libcr_c.a(errno.o)
                              ./utilities/fsl_str.o (errno)
c:/nxp/mcuxpressoide_11.4.0_6237/ide/plugins/com.nxp.mcuxpresso.tools.win32_11.4.0.202103011116/tools/bin/../lib/gcc/arm-none-eabi/10.2.1/../../../../arm-none-eabi/lib/thumb/v7e-m+fp/hard\libcr_c.a(fputs.o)
                              c:/nxp/mcuxpressoide_11.4.0_6237/ide/plugins/com.nxp.mcuxpresso.tools.win32_11.4.0.202103011116/tools/bin/../lib/gcc/arm-none-eabi/10.2.1/../../../../arm-none-eabi/lib/thumb/v7e-m+fp/hard\libcr_semihost_nf.a(_cr_assert.o) (fputs)
c:/nxp/mcuxpressoide_11.4.0_6237/ide/plugins/com.nxp.mcuxpresso.tools.win32_11.4.0.202103011116/tools/bin/../lib/gcc/arm-none-eabi/10.2.1/../../../../arm-none-eabi/lib/thumb/v7e-m+fp/hard\libcr_c.a(fseek.o)
[...]
Memory Configuration

Name             Origin             Length             Attributes
PROGRAM_FLASH    0x00000000         0x00100000         xr
SRAM_UPPER       0x20000000         0x00030000         xrw
SRAM_LOWER       0x1fff0000         0x00010000         xrw
FLEX_RAM         0x14000000         0x00001000         xrw
*default*        0x00000000         0xffffffff

Linker script and memory map

LOAD ./utilities/fsl_debug_console.o
LOAD ./utilities/fsl_str.o
LOAD ./startup/startup_mk64f12.o
LOAD ./source/P2_E3_CAN_NODE.o
LOAD ./source/semihost_hardfault.o
LOAD ./freertos/freertos_kernel/portable/MemMang/heap_4.o
LOAD ./freertos/freertos_kernel/portable/GCC/ARM_CM4F/port.o
LOAD ./freertos/freertos_kernel/croutine.o
LOAD ./freertos/freertos_kernel/event_groups.o
LOAD ./freertos/freertos_kernel/list.o
LOAD ./freertos/freertos_kernel/queue.o
LOAD ./freertos/freertos_kernel/stream_buffer.o
LOAD ./freertos/freertos_kernel/tasks.o
LOAD ./freertos/freertos_kernel/timers.o
LOAD ./drivers/fsl_adc16.o
LOAD ./drivers/fsl_clock.o
LOAD ./drivers/fsl_common.o
LOAD ./drivers/fsl_common_arm.o
LOAD ./drivers/fsl_flexcan.o
LOAD ./drivers/fsl_gpio.o
LOAD ./drivers/fsl_i2c.o
LOAD ./drivers/fsl_smc.o
LOAD ./drivers/fsl_uart.o
LOAD ./device/system_MK64F12.o
LOAD ./component/uart/fsl_adapter_uart.o
LOAD ./component/serial_manager/fsl_component_serial_manager.o
LOAD ./component/serial_manager/fsl_component_serial_port_uart.o
LOAD ./component/lists/fsl_component_generic_list.o
LOAD ./board/board.o
LOAD ./board/clock_config.o
LOAD ./board/peripherals.o
LOAD ./board/pin_mux.o
START GROUP
LOAD c:/nxp/mcuxpressoide_11.4.0_6237/ide/plugins/com.nxp.mcuxpresso.tools.win32_11.4.0.202103011116/tools/bin/../lib/gcc/arm-none-eabi/10.2.1/../../../../arm-none-eabi/lib/thumb/v7e-m+fp/hard\libcr_semihost_nf.a
LOAD c:/nxp/mcuxpressoide_11.4.0_6237/ide/plugins/com.nxp.mcuxpresso.tools.win32_11.4.0.202103011116/tools/bin/../lib/gcc/arm-none-eabi/10.2.1/../../../../arm-none-eabi/lib/thumb/v7e-m+fp/hard\libcr_c.a
LOAD c:/nxp/mcuxpressoide_11.4.0_6237/ide/plugins/com.nxp.mcuxpresso.tools.win32_11.4.0.202103011116/tools/bin/../lib/gcc/arm-none-eabi/10.2.1/thumb/v7e-m+fp/hard\libcr_eabihelpers.a
LOAD c:/nxp/mcuxpressoide_11.4.0_6237/ide/plugins/com.nxp.mcuxpresso.tools.win32_11.4.0.202103011116/tools/bin/../lib/gcc/arm-none-eabi/10.2.1/thumb/v7e-m+fp/hard\libgcc.a
END GROUP
                0x00000000                __base_PROGRAM_FLASH = 0x0
                0x00000000                __base_Flash = 0x0
                0x00100000                __top_PROGRAM_FLASH = 0x100000
                0x00100000                __top_Flash = 0x100000
                0x20000000                __base_SRAM_UPPER = 0x20000000
                0x20000000                __base_RAM = 0x20000000
                0x20030000                __top_SRAM_UPPER = 0x20030000
                0x20030000                __top_RAM = 0x20030000
                0x1fff0000                __base_SRAM_LOWER = 0x1fff0000
                0x1fff0000                __base_RAM2 = 0x1fff0000
                0x20000000                __top_SRAM_LOWER = 0x20000000
                0x20000000                __top_RAM2 = 0x20000000
                0x14000000                __base_FLEX_RAM = 0x14000000
                0x14000000                __base_RAM3 = 0x14000000
                0x14001000                __top_FLEX_RAM = 0x14001000
                0x14001000                __top_RAM3 = 0x14001000

.text           0x00000000     0x7880
 FILL mask 0xff
                0x00000000                __vectors_start__ = ABSOLUTE (.)
 *(SORT_BY_ALIGNMENT(.isr_vector))
 .isr_vector    0x00000000      0x198 ./startup/startup_mk64f12.o
                0x00000000                g_pfnVectors
                0x00000000                __Vectors
                0x00000198                . = ALIGN (0x4)
                0x00000198                __section_table_start = .
                0x00000198                __data_section_table = .
                0x00000198        0x4 LONG 0x7880 LOADADDR (.data)
                0x0000019c        0x4 LONG 0x20000000 ADDR (.data)
                0x000001a0        0x4 LONG 0x18 SIZEOF (.data)
                0x000001a4        0x4 LONG 0x7880 LOADADDR (.data_RAM2)
                0x000001a8        0x4 LONG 0x1fff0000 ADDR (.data_RAM2)
                0x000001ac        0x4 LONG 0x0 SIZEOF (.data_RAM2)
                0x000001b0        0x4 LONG 0x7880 LOADADDR (.data_RAM3)
                0x000001b4        0x4 LONG 0x14000000 ADDR (.data_RAM3)
                0x000001b8        0x4 LONG 0x0 SIZEOF (.data_RAM3)
                0x000001bc                __data_section_table_end = .
                0x000001bc                __bss_section_table = .
                0x000001bc        0x4 LONG 0x20000018 ADDR (.bss)
                0x000001c0        0x4 LONG 0x2b80 SIZEOF (.bss)
                0x000001c4        0x4 LONG 0x1fff0000 ADDR (.bss_RAM2)
                0x000001c8        0x4 LONG 0x0 SIZEOF (.bss_RAM2)
                0x000001cc        0x4 LONG 0x14000000 ADDR (.bss_RAM3)
                0x000001d0        0x4 LONG 0x0 SIZEOF (.bss_RAM3)
                0x000001d4                __bss_section_table_end = .
                0x000001d4                __section_table_end = .
 *(SORT_BY_ALIGNMENT(.after_vectors*))
 .after_vectors.reset
                0x000001d4       0x4c ./startup/startup_mk64f12.o
                0x000001d4                ResetISR
 .after_vectors.init_data
                0x00000220       0x1e ./startup/startup_mk64f12.o
                0x00000220                data_init
 .after_vectors.init_bss
                0x0000023e       0x12 ./startup/startup_mk64f12.o
                0x0000023e                bss_init
 .after_vectors
                0x00000250       0x14 ./startup/startup_mk64f12.o
                0x00000250                NMI_Handler
                0x00000254                MemManage_Handler
                0x00000256                BusFault_Handler
                0x00000258                UsageFault_Handler
                0x0000025c                DebugMon_Handler
                0x00000262                LPTMR0_DriverIRQHandler
                0x00000262                DMA_Error_DriverIRQHandler
                0x00000262                SPI1_DriverIRQHandler
                0x00000262                FTM1_DriverIRQHandler
                0x00000262                FTM2_DriverIRQHandler
                0x00000262                PIT2_DriverIRQHandler
                0x00000262                SDHC_DriverIRQHandler
                0x00000262                I2S0_Tx_DriverIRQHandler
                0x00000262                RTC_Seconds_DriverIRQHandler
                0x00000262                DMA6_DriverIRQHandler
                0x00000262                LLWU_DriverIRQHandler
                0x00000262                MCM_DriverIRQHandler
                0x00000262                MCG_DriverIRQHandler
                0x00000262                ENET_1588_Timer_DriverIRQHandler
                0x00000262                DAC1_DriverIRQHandler
                0x00000262                DMA12_DriverIRQHandler
                0x00000262                CMP1_DriverIRQHandler
                0x00000262                FTM0_DriverIRQHandler
                0x00000262                IntDefaultHandler
                0x00000262                USB0_DriverIRQHandler
                0x00000262                UART5_ERR_DriverIRQHandler
                0x00000262                PORTC_DriverIRQHandler
                0x00000262                DMA11_DriverIRQHandler
                0x00000262                DAC0_DriverIRQHandler
                0x00000262                DMA10_DriverIRQHandler
                0x00000262                CMP2_DriverIRQHandler
                0x00000262                UART2_ERR_DriverIRQHandler
                0x00000262                SPI2_DriverIRQHandler
                0x00000262                LVD_LVW_DriverIRQHandler
                0x00000262                PIT0_DriverIRQHandler
                0x00000262                PORTB_DriverIRQHandler
                0x00000262                DMA5_DriverIRQHandler
                0x00000262                DMA4_DriverIRQHandler
                0x00000262                USBDCD_DriverIRQHandler
                0x00000262                UART3_ERR_DriverIRQHandler
                0x00000262                DMA3_DriverIRQHandler
                0x00000262                DMA8_DriverIRQHandler
                0x00000262                DMA9_DriverIRQHandler
                0x00000262                UART0_ERR_DriverIRQHandler
                0x00000262                CMT_DriverIRQHandler
                0x00000262                Reserved71_DriverIRQHandler
                0x00000262                ADC1_DriverIRQHandler
                0x00000262                PORTA_DriverIRQHandler
                0x00000262                DMA14_DriverIRQHandler
                0x00000262                PIT3_DriverIRQHandler
                0x00000262                PIT1_DriverIRQHandler
                0x00000262                WDOG_EWM_DriverIRQHandler
                0x00000262                PDB0_DriverIRQHandler
                0x00000262                RTC_DriverIRQHandler
                0x00000262                I2S0_Rx_DriverIRQHandler
                0x00000262                Read_Collision_DriverIRQHandler
                0x00000262                SWI_DriverIRQHandler
                0x00000262                UART4_ERR_DriverIRQHandler
                0x00000262                DMA0_DriverIRQHandler
                0x00000262                UART0_LON_DriverIRQHandler
                0x00000262                DMA1_DriverIRQHandler
                0x00000262                ENET_Receive_DriverIRQHandler
                0x00000262                DMA13_DriverIRQHandler
                0x00000262                ENET_Error_DriverIRQHandler
                0x00000262                DMA15_DriverIRQHandler
                0x00000262                SPI0_DriverIRQHandler
                0x00000262                ADC0_DriverIRQHandler
                0x00000262                CMP0_DriverIRQHandler
                0x00000262                FTM3_DriverIRQHandler
                0x00000262                RNG_DriverIRQHandler
                0x00000262                UART1_ERR_DriverIRQHandler
                0x00000262                DMA2_DriverIRQHandler
                0x00000262                ENET_Transmit_DriverIRQHandler
                0x00000262                PORTD_DriverIRQHandler
                0x00000262                PORTE_DriverIRQHandler
                0x00000262                FTFE_DriverIRQHandler
                0x00000262                DMA7_DriverIRQHandler
                0x00000400                . = 0x400
 *fill*         0x00000264      0x19c ff
                0x00000400                PROVIDE (__FLASH_CONFIG_START__ = .)
 *(SORT_BY_ALIGNMENT(.FlashConfig))
 .FlashConfig   0x00000400       0x10 ./startup/startup_mk64f12.o
                0x00000400                Flash_Config
                0x00000410                PROVIDE (__FLASH_CONFIG_END__ = .)
                0x00000001                ASSERT (! ((__FLASH_CONFIG_START__ == __FLASH_CONFIG_END__)), Linker Flash Config Support Enabled, but no .FlashConfig section provided within application)
 *(SORT_BY_ALIGNMENT(.text*))
 .text.SVC_Handler
                0x00000410       0x28 ./freertos/freertos_kernel/portable/GCC/ARM_CM4F/port.o
                0x00000410                SVC_Handler
 *fill*         0x00000438        0x8 ff
 .text.PendSV_Handler
                0x00000440       0x68 ./freertos/freertos_kernel/portable/GCC/ARM_CM4F/port.o
                0x00000440                PendSV_Handler
 .text.flexcan_callback
                0x000004a8       0x5c ./source/P2_E3_CAN_NODE.o
 .text.main     0x00000504       0xbc ./source/P2_E3_CAN_NODE.o
                0x00000504                main
 .text.CAN_Rx_Task
                0x000005c0       0x94 ./source/P2_E3_CAN_NODE.o
                0x000005c0                CAN_Rx_Task
 .text.CAN_Tx_Task
                0x00000654       0xd4 ./source/P2_E3_CAN_NODE.o
                0x00000654                CAN_Tx_Task
 .text.pvPortMalloc
                0x00000728      0x1c0 ./freertos/freertos_kernel/portable/MemMang/heap_4.o
                0x00000728                pvPortMalloc
 .text.vPortFree
                0x000008e8       0xc4 ./freertos/freertos_kernel/portable/MemMang/heap_4.o
                0x000008e8                vPortFree
 .text.prvHeapInit
                0x000009ac       0xc4 ./freertos/freertos_kernel/portable/MemMang/heap_4.o
 .text.prvInsertBlockIntoFreeList
                0x00000a70       0xb4 ./freertos/freertos_kernel/portable/MemMang/heap_4.o
 .text.pxPortInitialiseStack
                0x00000b24       0x68 ./freertos/freertos_kernel/portable/GCC/ARM_CM4F/port.o
                0x00000b24                pxPortInitialiseStack
 .text.prvTaskExitError
                0x00000b8c       0x58 ./freertos/freertos_kernel/portable/GCC/ARM_CM4F/port.o
 .text.prvPortStartFirstTask
                0x00000be4       0x2c ./freertos/freertos_kernel/portable/GCC/ARM_CM4F/port.o
 .text.xPortStartScheduler
                0x00000c10      0x144 ./freertos/freertos_kernel/portable/GCC/ARM_CM4F/port.o
                0x00000c10                xPortStartScheduler
 .text.vPortEnterCritical
                0x00000d54       0x60 ./freertos/freertos_kernel/portable/GCC/ARM_CM4F/port.o
                0x00000d54                vPortEnterCritical
 .text.vPortExitCritical
                0x00000db4       0x54 ./freertos/freertos_kernel/portable/GCC/ARM_CM4F/port.o
                0x00000db4                vPortExitCritical
 .text.SysTick_Handler
                0x00000e08       0x44 ./freertos/freertos_kernel/portable/GCC/ARM_CM4F/port.o
                0x00000e08                SysTick_Handler
 .text.vPortSetupTimerInterrupt
                0x00000e4c       0x48 ./freertos/freertos_kernel/portable/GCC/ARM_CM4F/port.o
                0x00000e4c                vPortSetupTimerInterrupt
 .text.vPortEnableVFP
                0x00000e94       0x18 ./freertos/freertos_kernel/portable/GCC/ARM_CM4F/port.o
 .text.vPortValidateInterruptPriority
                0x00000eac       0x80 ./freertos/freertos_kernel/portable/GCC/ARM_CM4F/port.o
                0x00000eac                vPortValidateInterruptPriority
 .text.xQueueGenericReset
                0x00000f2c       0xd0 ./freertos/freertos_kernel/queue.o
                0x00000f2c                xQueueGenericReset
 .text.xQueueGenericSend
                0x00000ffc      0x1fc ./freertos/freertos_kernel/queue.o
                0x00000ffc                xQueueGenericSend
 .text.xQueueReceive
                0x000011f8      0x1c0 ./freertos/freertos_kernel/queue.o
                0x000011f8                xQueueReceive
 .text.vQueueAddToRegistry
                0x000013b8       0x54 ./freertos/freertos_kernel/queue.o
                0x000013b8                vQueueAddToRegistry
 .text.prvAddNewTaskToReadyList
                0x0000140c       0xdc ./freertos/freertos_kernel/tasks.o
 .text.xTaskDelayUntil
                0x000014e8       0xfc ./freertos/freertos_kernel/tasks.o
                0x000014e8                xTaskDelayUntil
 .text.vTaskStartScheduler
                0x000015e4       0xa4 ./freertos/freertos_kernel/tasks.o
                0x000015e4                vTaskStartScheduler
 .text.vTaskSuspendAll
                0x00001688       0x1c ./freertos/freertos_kernel/tasks.o
                0x00001688                vTaskSuspendAll
 .text.xTaskResumeAll
                0x000016a4      0x138 ./freertos/freertos_kernel/tasks.o
                0x000016a4                xTaskResumeAll
 .text.xTaskGetTickCount
                0x000017dc       0x20 ./freertos/freertos_kernel/tasks.o
                0x000017dc                xTaskGetTickCount
 .text.xTaskIncrementTick
                0x000017fc      0x154 ./freertos/freertos_kernel/tasks.o
                0x000017fc                xTaskIncrementTick
 .text.vTaskSwitchContext
                0x00001950       0xb8 ./freertos/freertos_kernel/tasks.o
                0x00001950                vTaskSwitchContext
 .text.vTaskPlaceOnEventList
                0x00001a08       0x48 ./freertos/freertos_kernel/tasks.o
                0x00001a08                vTaskPlaceOnEventList
 .text.vTaskPlaceOnEventListRestricted
                0x00001a50       0x58 ./freertos/freertos_kernel/tasks.o
                0x00001a50                vTaskPlaceOnEventListRestricted
 .text.xTaskRemoveFromEventList
                0x00001aa8       0xc4 ./freertos/freertos_kernel/tasks.o
                0x00001aa8                xTaskRemoveFromEventList
 .text.vTaskInternalSetTimeOutState
                0x00001b6c       0x2c ./freertos/freertos_kernel/tasks.o
                0x00001b6c                vTaskInternalSetTimeOutState
 .text.xTaskCheckForTimeOut
                0x00001b98       0xcc ./freertos/freertos_kernel/tasks.o
                0x00001b98                xTaskCheckForTimeOut
 .text.vTaskMissedYield
                0x00001c64       0x18 ./freertos/freertos_kernel/tasks.o
                0x00001c64                vTaskMissedYield
 .text.prvIdleTask
                0x00001c7c       0x30 ./freertos/freertos_kernel/tasks.o
 .text.prvInitialiseTaskLists
                0x00001cac       0x80 ./freertos/freertos_kernel/tasks.o
 .text.prvCheckTasksWaitingTermination
                0x00001d2c       0x5c ./freertos/freertos_kernel/tasks.o
 .text.prvResetNextTaskUnblockTime
                0x00001d88       0x38 ./freertos/freertos_kernel/tasks.o
 .text.xTaskGetSchedulerState
                0x00001dc0       0x3c ./freertos/freertos_kernel/tasks.o
                0x00001dc0                xTaskGetSchedulerState
 .text.xTaskPriorityDisinherit
                0x00001dfc       0xf4 ./freertos/freertos_kernel/tasks.o
                0x00001dfc                xTaskPriorityDisinherit
 .text.prvAddCurrentTaskToDelayedList
                0x00001ef0       0xcc ./freertos/freertos_kernel/tasks.o
 .text.xTimerCreateTimerTask
                0x00001fbc       0x64 ./freertos/freertos_kernel/timers.o
                0x00001fbc                xTimerCreateTimerTask
 .text.xTimerGenericCommand
                0x00002020       0x9c ./freertos/freertos_kernel/timers.o
                0x00002020                xTimerGenericCommand
 .text.prvProcessExpiredTimer
                0x000020bc       0x98 ./freertos/freertos_kernel/timers.o
 .text.prvProcessTimerOrBlockTask
                0x00002154       0x9c ./freertos/freertos_kernel/timers.o
 .text.prvGetNextExpireTime
                0x000021f0       0x48 ./freertos/freertos_kernel/timers.o
 .text.prvSampleTimeNow
                0x00002238       0x40 ./freertos/freertos_kernel/timers.o
 .text.prvInsertTimerInActiveList
                0x00002278       0x84 ./freertos/freertos_kernel/timers.o
 .text.prvProcessReceivedCommands
                0x000022fc      0x1c4 ./freertos/freertos_kernel/timers.o
 .text.prvSwitchTimerLists
                0x000024c0       0xc8 ./freertos/freertos_kernel/timers.o
 .text.prvCheckForValidListAndQueue
                0x00002588       0x6c ./freertos/freertos_kernel/timers.o
 .text.CLOCK_SetEr32kClock
                0x000025f4       0x30 ./drivers/fsl_clock.o
 .text.CLOCK_SetPllFllSelClock
                0x00002624       0x38 ./drivers/fsl_clock.o
 .text.CLOCK_GetMcgExtClkFreq
                0x0000265c       0x7c ./drivers/fsl_clock.o
 .text.CLOCK_GetFllExtRefClkFreq
                0x000026d8       0xb0 ./drivers/fsl_clock.o
 .text.CLOCK_GetInternalRefClkSelectFreq
                0x00002788       0x4c ./drivers/fsl_clock.o
 .text.CLOCK_GetFllRefClkFreq
                0x000027d4       0x34 ./drivers/fsl_clock.o
 .text.CLOCK_GetOscRangeFromFreq
                0x00002808       0x3c ./drivers/fsl_clock.o
 .text.CLOCK_GetOsc0ErClkFreq
                0x00002844       0x44 ./drivers/fsl_clock.o
                0x00002844                CLOCK_GetOsc0ErClkFreq
 .text.CLOCK_GetEr32kClkFreq
                0x00002888       0x74 ./drivers/fsl_clock.o
                0x00002888                CLOCK_GetEr32kClkFreq
 .text.CLOCK_GetPllFllSelClkFreq
                0x000028fc       0x54 ./drivers/fsl_clock.o
                0x000028fc                CLOCK_GetPllFllSelClkFreq
 .text.CLOCK_GetCoreSysClkFreq
                0x00002950       0x28 ./drivers/fsl_clock.o
                0x00002950                CLOCK_GetCoreSysClkFreq
 .text.CLOCK_GetFreq
                0x00002978      0x140 ./drivers/fsl_clock.o
                0x00002978                CLOCK_GetFreq
 .text.CLOCK_SetSimConfig
                0x00002ab8       0x34 ./drivers/fsl_clock.o
                0x00002ab8                CLOCK_SetSimConfig
 .text.CLOCK_EnableUsbfs0Clock
                0x00002aec      0x108 ./drivers/fsl_clock.o
                0x00002aec                CLOCK_EnableUsbfs0Clock
 .text.CLOCK_GetOutClkFreq
                0x00002bf4       0x64 ./drivers/fsl_clock.o
                0x00002bf4                CLOCK_GetOutClkFreq
 .text.CLOCK_GetFllFreq
                0x00002c58       0x84 ./drivers/fsl_clock.o
                0x00002c58                CLOCK_GetFllFreq
 .text.CLOCK_GetInternalRefClkFreq
                0x00002cdc       0x30 ./drivers/fsl_clock.o
                0x00002cdc                CLOCK_GetInternalRefClkFreq
 .text.CLOCK_GetPll0Freq
                0x00002d0c       0x78 ./drivers/fsl_clock.o
                0x00002d0c                CLOCK_GetPll0Freq
 .text.CLOCK_SetExternalRefClkConfig
                0x00002d84       0x6c ./drivers/fsl_clock.o
                0x00002d84                CLOCK_SetExternalRefClkConfig
 .text.CLOCK_SetInternalRefClkConfig
                0x00002df0      0x104 ./drivers/fsl_clock.o
                0x00002df0                CLOCK_SetInternalRefClkConfig
 .text.CLOCK_EnablePll0
                0x00002ef4       0x88 ./drivers/fsl_clock.o
                0x00002ef4                CLOCK_EnablePll0
 .text.CLOCK_InitOsc0
                0x00002f7c       0x8c ./drivers/fsl_clock.o
                0x00002f7c                CLOCK_InitOsc0
 .text.CLOCK_SetPbeMode
                0x00003008       0xa8 ./drivers/fsl_clock.o
                0x00003008                CLOCK_SetPbeMode
 .text.CLOCK_BootToPeeMode
                0x000030b0       0x64 ./drivers/fsl_clock.o
                0x000030b0                CLOCK_BootToPeeMode
 .text.__NVIC_EnableIRQ
                0x00003114       0x3c ./drivers/fsl_flexcan.o
 .text.FLEXCAN_EnableInterrupts
                0x00003150       0x3c ./drivers/fsl_flexcan.o
 .text.FLEXCAN_DisableInterrupts
                0x0000318c       0x40 ./drivers/fsl_flexcan.o
 .text.FLEXCAN_GetInstance
                0x000031cc       0x44 ./drivers/fsl_flexcan.o
                0x000031cc                FLEXCAN_GetInstance
 .text.FLEXCAN_IsMbIntEnabled
                0x00003210       0x48 ./drivers/fsl_flexcan.o
 .text.FLEXCAN_Reset
                0x00003258       0xc0 ./drivers/fsl_flexcan.o
 .text.FLEXCAN_SetBitRate
                0x00003318       0xb0 ./drivers/fsl_flexcan.o
 .text.FLEXCAN_Init
                0x000033c8      0x188 ./drivers/fsl_flexcan.o
                0x000033c8                FLEXCAN_Init
 .text.FLEXCAN_GetDefaultConfig
                0x00003550       0x84 ./drivers/fsl_flexcan.o
                0x00003550                FLEXCAN_GetDefaultConfig
 .text.FLEXCAN_SetTimingConfig
                0x000035d4       0x7c ./drivers/fsl_flexcan.o
                0x000035d4                FLEXCAN_SetTimingConfig
 .text.FLEXCAN_SetTxMbConfig
                0x00003650       0xa4 ./drivers/fsl_flexcan.o
                0x00003650                FLEXCAN_SetTxMbConfig
 .text.FLEXCAN_SetRxMbConfig
                0x000036f4       0xf8 ./drivers/fsl_flexcan.o
                0x000036f4                FLEXCAN_SetRxMbConfig
 .text.FLEXCAN_WriteTxMb
                0x000037ec      0x148 ./drivers/fsl_flexcan.o
                0x000037ec                FLEXCAN_WriteTxMb
 .text.FLEXCAN_ReadRxMb
                0x00003934      0x124 ./drivers/fsl_flexcan.o
                0x00003934                FLEXCAN_ReadRxMb
 .text.FLEXCAN_ReadRxFifo
                0x00003a58       0xc8 ./drivers/fsl_flexcan.o
                0x00003a58                FLEXCAN_ReadRxFifo
 .text.FLEXCAN_TransferCreateHandle
                0x00003b20       0xb0 ./drivers/fsl_flexcan.o
                0x00003b20                FLEXCAN_TransferCreateHandle
 .text.FLEXCAN_TransferSendNonBlocking
                0x00003bd0      0x108 ./drivers/fsl_flexcan.o
                0x00003bd0                FLEXCAN_TransferSendNonBlocking
 .text.FLEXCAN_TransferReceiveNonBlocking
                0x00003cd8       0xcc ./drivers/fsl_flexcan.o
                0x00003cd8                FLEXCAN_TransferReceiveNonBlocking
 .text.FLEXCAN_TransferAbortSend
                0x00003da4       0xa4 ./drivers/fsl_flexcan.o
                0x00003da4                FLEXCAN_TransferAbortSend
 .text.FLEXCAN_TransferAbortReceive
                0x00003e48       0x8c ./drivers/fsl_flexcan.o
                0x00003e48                FLEXCAN_TransferAbortReceive
 .text.FLEXCAN_TransferAbortReceiveFifo
                0x00003ed4       0x44 ./drivers/fsl_flexcan.o
                0x00003ed4                FLEXCAN_TransferAbortReceiveFifo
 .text.FLEXCAN_CheckUnhandleInterruptEvents
                0x00003f18       0x70 ./drivers/fsl_flexcan.o
 .text.FLEXCAN_SubHandlerForDataTransfered
                0x00003f88      0x1c8 ./drivers/fsl_flexcan.o
 .text.FLEXCAN_TransferHandleIRQ
                0x00004150       0xa8 ./drivers/fsl_flexcan.o
                0x00004150                FLEXCAN_TransferHandleIRQ
 .text.CAN0_DriverIRQHandler
                0x000041f8       0x3c ./drivers/fsl_flexcan.o
                0x000041f8                CAN0_DriverIRQHandler
 .text.I2C_TransferCommonIRQHandler
                0x00004234       0x58 ./drivers/fsl_i2c.o
 .text.I2C0_DriverIRQHandler
                0x0000428c       0x1c ./drivers/fsl_i2c.o
                0x0000428c                I2C0_DriverIRQHandler
 .text.I2C1_DriverIRQHandler
                0x000042a8       0x1c ./drivers/fsl_i2c.o
                0x000042a8                I2C1_DriverIRQHandler
 .text.I2C2_DriverIRQHandler
                0x000042c4       0x1c ./drivers/fsl_i2c.o
                0x000042c4                I2C2_DriverIRQHandler
 .text.UART0_DriverIRQHandler
                0x000042e0       0x28 ./drivers/fsl_uart.o
                0x000042e0                UART0_DriverIRQHandler
 .text.UART1_DriverIRQHandler
                0x00004308       0x28 ./drivers/fsl_uart.o
                0x00004308                UART1_DriverIRQHandler
 .text.UART2_DriverIRQHandler
                0x00004330       0x28 ./drivers/fsl_uart.o
                0x00004330                UART2_DriverIRQHandler
 .text.UART3_DriverIRQHandler
                0x00004358       0x28 ./drivers/fsl_uart.o
                0x00004358                UART3_DriverIRQHandler
 .text.UART4_DriverIRQHandler
                0x00004380       0x28 ./drivers/fsl_uart.o
                0x00004380                UART4_DriverIRQHandler
 .text.UART5_DriverIRQHandler
                0x000043a8       0x28 ./drivers/fsl_uart.o
                0x000043a8                UART5_DriverIRQHandler
 .text.SystemInit
                0x000043d0       0x3c ./device/system_MK64F12.o
                0x000043d0                SystemInit
 .text.CLOCK_SetSdhc0Clock
                0x0000440c       0x38 ./board/clock_config.o
 .text.CLOCK_SetEnetTime0Clock
                0x00004444       0x38 ./board/clock_config.o
 .text.CLOCK_SetRmii0Clock
                0x0000447c       0x38 ./board/clock_config.o
 .text.CLOCK_SetTraceClock
                0x000044b4       0x38 ./board/clock_config.o
 .text.CLOCK_SetClkOutClock
                0x000044ec       0x34 ./board/clock_config.o
 .text.CLOCK_SetSimSafeDivs
                0x00004520       0x20 ./board/clock_config.o
 .text.CLOCK_SetXtal0Freq
                0x00004540       0x20 ./board/clock_config.o
 .text.CLOCK_CONFIG_SetFllExtRefDiv
                0x00004560       0x3c ./board/clock_config.o
 .text.BOARD_BootClockRUN
                0x0000459c       0x88 ./board/clock_config.o
                0x0000459c                BOARD_BootClockRUN
 .text.PORT_SetPinConfig
                0x00004624       0x38 ./board/pin_mux.o
 .text.BOARD_InitPins
                0x0000465c       0x54 ./board/pin_mux.o
                0x0000465c                BOARD_InitPins
 .text.BOARD_InitDEBUG_UARTPins
                0x000046b0       0x68 ./board/pin_mux.o
                0x000046b0                BOARD_InitDEBUG_UARTPins
 .text.__assertion_failed
                0x00004718       0x4c c:/nxp/mcuxpressoide_11.4.0_6237/ide/plugins/com.nxp.mcuxpresso.tools.win32_11.4.0.202103011116/tools/bin/../lib/gcc/arm-none-eabi/10.2.1/../../../../arm-none-eabi/lib/thumb/v7e-m+fp/hard\libcr_semihost_nf.a(_cr_assert.o)
                0x00004718                __assertion_failed
 .text.__sys_appexit
                0x00004764        0xc c:/nxp/mcuxpressoide_11.4.0_6237/ide/plugins/com.nxp.mcuxpresso.tools.win32_11.4.0.202103011116/tools/bin/../lib/gcc/arm-none-eabi/10.2.1/../../../../arm-none-eabi/lib/thumb/v7e-m+fp/hard\libcr_semihost_nf.a(__sys_appexit.o)
                0x00004764                __sys_appexit
                0x00004764                __exit
 .text._Cwritebuf
                0x00004770       0x6c c:/nxp/mcuxpressoide_11.4.0_6237/ide/plugins/com.nxp.mcuxpresso.tools.win32_11.4.0.202103011116/tools/bin/../lib/gcc/arm-none-eabi/10.2.1/../../../../arm-none-eabi/lib/thumb/v7e-m+fp/hard\libcr_c.a(_writebuf.o)
                0x00004770                _Cwritebuf
 .text.malloc   0x000047dc       0xc8 c:/nxp/mcuxpressoide_11.4.0_6237/ide/plugins/com.nxp.mcuxpresso.tools.win32_11.4.0.202103011116/tools/bin/../lib/gcc/arm-none-eabi/10.2.1/../../../../arm-none-eabi/lib/thumb/v7e-m+fp/hard\libcr_c.a(alloc.o)
                0x000047dc                malloc
 .text._Csys_alloc
                0x000048a4       0x20 c:/nxp/mcuxpressoide_11.4.0_6237/ide/plugins/com.nxp.mcuxpresso.tools.win32_11.4.0.202103011116/tools/bin/../lib/gcc/arm-none-eabi/10.2.1/../../../../arm-none-eabi/lib/thumb/v7e-m+fp/hard\libcr_c.a(alloc.o)
                0x000048a4                _Csys_alloc
 .text.fseek    0x000048c4      0x100 c:/nxp/mcuxpressoide_11.4.0_6237/ide/plugins/com.nxp.mcuxpresso.tools.win32_11.4.0.202103011116/tools/bin/../lib/gcc/arm-none-eabi/10.2.1/../../../../arm-none-eabi/lib/thumb/v7e-m+fp/hard\libcr_c.a(fseek.o)
                0x000048c4                fseek
 .text.ftell    0x000049c4       0x44 c:/nxp/mcuxpressoide_11.4.0_6237/ide/plugins/com.nxp.mcuxpresso.tools.win32_11.4.0.202103011116/tools/bin/../lib/gcc/arm-none-eabi/10.2.1/../../../../arm-none-eabi/lib/thumb/v7e-m+fp/hard\libcr_c.a(ftell.o)
                0x000049c4                ftell
 .text._initio  0x00004a08       0x78 c:/nxp/mcuxpressoide_11.4.0_6237/ide/plugins/com.nxp.mcuxpresso.tools.win32_11.4.0.202103011116/tools/bin/../lib/gcc/arm-none-eabi/10.2.1/../../../../arm-none-eabi/lib/thumb/v7e-m+fp/hard\libcr_c.a(initio.o)
                0x00004a08                _initio
 .text.__vfprintf
                0x00004a80      0xbf4 c:/nxp/mcuxpressoide_11.4.0_6237/ide/plugins/com.nxp.mcuxpresso.tools.win32_11.4.0.202103011116/tools/bin/../lib/gcc/arm-none-eabi/10.2.1/../../../../arm-none-eabi/lib/thumb/v7e-m+fp/hard\libcr_c.a(printf.o)
                0x00004a80                __vfprintf
 .text._vsnprintf
                0x00005674       0x68 c:/nxp/mcuxpressoide_11.4.0_6237/ide/plugins/com.nxp.mcuxpresso.tools.win32_11.4.0.202103011116/tools/bin/../lib/gcc/arm-none-eabi/10.2.1/../../../../arm-none-eabi/lib/thumb/v7e-m+fp/hard\libcr_c.a(printf.o)
                0x00005674                _vsnprintf
 .text._printf  0x000056dc       0x54 c:/nxp/mcuxpressoide_11.4.0_6237/ide/plugins/com.nxp.mcuxpresso.tools.win32_11.4.0.202103011116/tools/bin/../lib/gcc/arm-none-eabi/10.2.1/../../../../arm-none-eabi/lib/thumb/v7e-m+fp/hard\libcr_c.a(printf.o)
                0x000056dc                _printf
 .text._sbrk    0x00005730       0x3c c:/nxp/mcuxpressoide_11.4.0_6237/ide/plugins/com.nxp.mcuxpresso.tools.win32_11.4.0.202103011116/tools/bin/../lib/gcc/arm-none-eabi/10.2.1/../../../../arm-none-eabi/lib/thumb/v7e-m+fp/hard\libcr_c.a(_cr_sbrk.o)
                0x00005730                _sbrk
 .text.fflush   0x0000576c       0x3c c:/nxp/mcuxpressoide_11.4.0_6237/ide/plugins/com.nxp.mcuxpresso.tools.win32_11.4.0.202103011116/tools/bin/../lib/gcc/arm-none-eabi/10.2.1/../../../../arm-none-eabi/lib/thumb/v7e-m+fp/hard\libcr_c.a(fflush.o)
                0x0000576c                fflush
 .text.__check_heap_overflow
                0x000057a8       0x18 c:/nxp/mcuxpressoide_11.4.0_6237/ide/plugins/com.nxp.mcuxpresso.tools.win32_11.4.0.202103011116/tools/bin/../lib/gcc/arm-none-eabi/10.2.1/../../../../arm-none-eabi/lib/thumb/v7e-m+fp/hard\libcr_c.a(_cr_check_heap.o)
                0x000057a8                __check_heap_overflow
 .text.DMA0_IRQHandler
                0x000057c0        0x8 ./startup/startup_mk64f12.o
                0x000057c0                DMA0_IRQHandler
 .text.DMA1_IRQHandler
                0x000057c8        0x8 ./startup/startup_mk64f12.o
                0x000057c8                DMA1_IRQHandler
 .text.DMA2_IRQHandler
                0x000057d0        0x8 ./startup/startup_mk64f12.o
                0x000057d0                DMA2_IRQHandler
 .text.DMA3_IRQHandler
                0x000057d8        0x8 ./startup/startup_mk64f12.o
                0x000057d8                DMA3_IRQHandler
 .text.DMA4_IRQHandler
                0x000057e0        0x8 ./startup/startup_mk64f12.o
                0x000057e0                DMA4_IRQHandler
 .text.DMA5_IRQHandler
                0x000057e8        0x8 ./startup/startup_mk64f12.o
                0x000057e8                DMA5_IRQHandler
 .text.DMA6_IRQHandler
                0x000057f0        0x8 ./startup/startup_mk64f12.o
                0x000057f0                DMA6_IRQHandler
 .text.DMA7_IRQHandler
                0x000057f8        0x8 ./startup/startup_mk64f12.o
                0x000057f8                DMA7_IRQHandler
 .text.DMA8_IRQHandler
                0x00005800        0x8 ./startup/startup_mk64f12.o
                0x00005800                DMA8_IRQHandler
 .text.DMA9_IRQHandler
                0x00005808        0x8 ./startup/startup_mk64f12.o
                0x00005808                DMA9_IRQHandler
 .text.DMA10_IRQHandler
                0x00005810        0x8 ./startup/startup_mk64f12.o
                0x00005810                DMA10_IRQHandler
 .text.DMA11_IRQHandler
                0x00005818        0x8 ./startup/startup_mk64f12.o
                0x00005818                DMA11_IRQHandler
 .text.DMA12_IRQHandler
                0x00005820        0x8 ./startup/startup_mk64f12.o
                0x00005820                DMA12_IRQHandler
 .text.DMA13_IRQHandler
                0x00005828        0x8 ./startup/startup_mk64f12.o
                0x00005828                DMA13_IRQHandler
 .text.DMA14_IRQHandler
                0x00005830        0x8 ./startup/startup_mk64f12.o
                0x00005830                DMA14_IRQHandler
 .text.DMA15_IRQHandler
                0x00005838        0x8 ./startup/startup_mk64f12.o
                0x00005838                DMA15_IRQHandler
 .text.DMA_Error_IRQHandler
                0x00005840        0x8 ./startup/startup_mk64f12.o
                0x00005840                DMA_Error_IRQHandler
 .text.MCM_IRQHandler
                0x00005848        0x8 ./startup/startup_mk64f12.o
                0x00005848                MCM_IRQHandler
 .text.FTFE_IRQHandler
                0x00005850        0x8 ./startup/startup_mk64f12.o
                0x00005850                FTFE_IRQHandler
 .text.Read_Collision_IRQHandler
                0x00005858        0x8 ./startup/startup_mk64f12.o
                0x00005858                Read_Collision_IRQHandler
 .text.LVD_LVW_IRQHandler
                0x00005860        0x8 ./startup/startup_mk64f12.o
                0x00005860                LVD_LVW_IRQHandler
 .text.LLWU_IRQHandler
                0x00005868        0x8 ./startup/startup_mk64f12.o
                0x00005868                LLWU_IRQHandler
 .text.WDOG_EWM_IRQHandler
                0x00005870        0x8 ./startup/startup_mk64f12.o
                0x00005870                WDOG_EWM_IRQHandler
 .text.RNG_IRQHandler
                0x00005878        0x8 ./startup/startup_mk64f12.o
                0x00005878                RNG_IRQHandler
 .text.I2C0_IRQHandler
                0x00005880        0x8 ./startup/startup_mk64f12.o
                0x00005880                I2C0_IRQHandler
 .text.I2C1_IRQHandler
                0x00005888        0x8 ./startup/startup_mk64f12.o
                0x00005888                I2C1_IRQHandler
 .text.SPI0_IRQHandler
                0x00005890        0x8 ./startup/startup_mk64f12.o
                0x00005890                SPI0_IRQHandler
 .text.SPI1_IRQHandler
                0x00005898        0x8 ./startup/startup_mk64f12.o
                0x00005898                SPI1_IRQHandler
 .text.I2S0_Tx_IRQHandler
                0x000058a0        0x8 ./startup/startup_mk64f12.o
                0x000058a0                I2S0_Tx_IRQHandler
 .text.I2S0_Rx_IRQHandler
                0x000058a8        0x8 ./startup/startup_mk64f12.o
                0x000058a8                I2S0_Rx_IRQHandler
 .text.UART0_LON_IRQHandler
                0x000058b0        0x8 ./startup/startup_mk64f12.o
                0x000058b0                UART0_LON_IRQHandler
 .text.UART0_RX_TX_IRQHandler
                0x000058b8        0x8 ./startup/startup_mk64f12.o
                0x000058b8                UART0_RX_TX_IRQHandler
 .text.UART0_ERR_IRQHandler
                0x000058c0        0x8 ./startup/startup_mk64f12.o
                0x000058c0                UART0_ERR_IRQHandler
 .text.UART1_RX_TX_IRQHandler
                0x000058c8        0x8 ./startup/startup_mk64f12.o
                0x000058c8                UART1_RX_TX_IRQHandler
 .text.UART1_ERR_IRQHandler
                0x000058d0        0x8 ./startup/startup_mk64f12.o
                0x000058d0                UART1_ERR_IRQHandler
 .text.UART2_RX_TX_IRQHandler
                0x000058d8        0x8 ./startup/startup_mk64f12.o
                0x000058d8                UART2_RX_TX_IRQHandler
 .text.UART2_ERR_IRQHandler
                0x000058e0        0x8 ./startup/startup_mk64f12.o
                0x000058e0                UART2_ERR_IRQHandler
 .text.UART3_RX_TX_IRQHandler
                0x000058e8        0x8 ./startup/startup_mk64f12.o
                0x000058e8                UART3_RX_TX_IRQHandler
 .text.UART3_ERR_IRQHandler
                0x000058f0        0x8 ./startup/startup_mk64f12.o
                0x000058f0                UART3_ERR_IRQHandler
 .text.ADC0_IRQHandler
                0x000058f8        0x8 ./startup/startup_mk64f12.o
                0x000058f8                ADC0_IRQHandler
 .text.CMP0_IRQHandler
                0x00005900        0x8 ./startup/startup_mk64f12.o
                0x00005900                CMP0_IRQHandler
 .text.CMP1_IRQHandler
                0x00005908        0x8 ./startup/startup_mk64f12.o
                0x00005908                CMP1_IRQHandler
 .text.FTM0_IRQHandler
                0x00005910        0x8 ./startup/startup_mk64f12.o
                0x00005910                FTM0_IRQHandler
 .text.FTM1_IRQHandler
                0x00005918        0x8 ./startup/startup_mk64f12.o
                0x00005918                FTM1_IRQHandler
 .text.FTM2_IRQHandler
                0x00005920        0x8 ./startup/startup_mk64f12.o
                0x00005920                FTM2_IRQHandler
 .text.CMT_IRQHandler
                0x00005928        0x8 ./startup/startup_mk64f12.o
                0x00005928                CMT_IRQHandler
 .text.RTC_IRQHandler
                0x00005930        0x8 ./startup/startup_mk64f12.o
                0x00005930                RTC_IRQHandler
 .text.RTC_Seconds_IRQHandler
                0x00005938        0x8 ./startup/startup_mk64f12.o
                0x00005938                RTC_Seconds_IRQHandler
 .text.PIT0_IRQHandler
                0x00005940        0x8 ./startup/startup_mk64f12.o
                0x00005940                PIT0_IRQHandler
 .text.PIT1_IRQHandler
                0x00005948        0x8 ./startup/startup_mk64f12.o
                0x00005948                PIT1_IRQHandler
 .text.PIT2_IRQHandler
                0x00005950        0x8 ./startup/startup_mk64f12.o
                0x00005950                PIT2_IRQHandler
 .text.PIT3_IRQHandler
                0x00005958        0x8 ./startup/startup_mk64f12.o
                0x00005958                PIT3_IRQHandler
 .text.PDB0_IRQHandler
                0x00005960        0x8 ./startup/startup_mk64f12.o
                0x00005960                PDB0_IRQHandler
 .text.USB0_IRQHandler
                0x00005968        0x8 ./startup/startup_mk64f12.o
                0x00005968                USB0_IRQHandler
 .text.USBDCD_IRQHandler
                0x00005970        0x8 ./startup/startup_mk64f12.o
                0x00005970                USBDCD_IRQHandler
 .text.Reserved71_IRQHandler
                0x00005978        0x8 ./startup/startup_mk64f12.o
                0x00005978                Reserved71_IRQHandler
 .text.DAC0_IRQHandler
                0x00005980        0x8 ./startup/startup_mk64f12.o
                0x00005980                DAC0_IRQHandler
 .text.MCG_IRQHandler
                0x00005988        0x8 ./startup/startup_mk64f12.o
                0x00005988                MCG_IRQHandler
 .text.LPTMR0_IRQHandler
                0x00005990        0x8 ./startup/startup_mk64f12.o
                0x00005990                LPTMR0_IRQHandler
 .text.PORTA_IRQHandler
                0x00005998        0x8 ./startup/startup_mk64f12.o
                0x00005998                PORTA_IRQHandler
 .text.PORTB_IRQHandler
                0x000059a0        0x8 ./startup/startup_mk64f12.o
                0x000059a0                PORTB_IRQHandler
 .text.PORTC_IRQHandler
                0x000059a8        0x8 ./startup/startup_mk64f12.o
                0x000059a8                PORTC_IRQHandler
 .text.PORTD_IRQHandler
                0x000059b0        0x8 ./startup/startup_mk64f12.o
                0x000059b0                PORTD_IRQHandler
 .text.PORTE_IRQHandler
                0x000059b8        0x8 ./startup/startup_mk64f12.o
                0x000059b8                PORTE_IRQHandler
 .text.SWI_IRQHandler
                0x000059c0        0x8 ./startup/startup_mk64f12.o
                0x000059c0                SWI_IRQHandler
 .text.SPI2_IRQHandler
                0x000059c8        0x8 ./startup/startup_mk64f12.o
                0x000059c8                SPI2_IRQHandler
 .text.UART4_RX_TX_IRQHandler
                0x000059d0        0x8 ./startup/startup_mk64f12.o
                0x000059d0                UART4_RX_TX_IRQHandler
 .text.UART4_ERR_IRQHandler
                0x000059d8        0x8 ./startup/startup_mk64f12.o
                0x000059d8                UART4_ERR_IRQHandler
 .text.UART5_RX_TX_IRQHandler
                0x000059e0        0x8 ./startup/startup_mk64f12.o
                0x000059e0                UART5_RX_TX_IRQHandler
 .text.UART5_ERR_IRQHandler
                0x000059e8        0x8 ./startup/startup_mk64f12.o
                0x000059e8                UART5_ERR_IRQHandler
 .text.CMP2_IRQHandler
                0x000059f0        0x8 ./startup/startup_mk64f12.o
                0x000059f0                CMP2_IRQHandler
 .text.FTM3_IRQHandler
                0x000059f8        0x8 ./startup/startup_mk64f12.o
                0x000059f8                FTM3_IRQHandler
 .text.DAC1_IRQHandler
                0x00005a00        0x8 ./startup/startup_mk64f12.o
                0x00005a00                DAC1_IRQHandler
 .text.ADC1_IRQHandler
                0x00005a08        0x8 ./startup/startup_mk64f12.o
                0x00005a08                ADC1_IRQHandler
 .text.I2C2_IRQHandler
                0x00005a10        0x8 ./startup/startup_mk64f12.o
                0x00005a10                I2C2_IRQHandler
 .text.CAN0_ORed_Message_buffer_IRQHandler
                0x00005a18        0x8 ./startup/startup_mk64f12.o
                0x00005a18                CAN0_ORed_Message_buffer_IRQHandler
 .text.CAN0_Bus_Off_IRQHandler
                0x00005a20        0x8 ./startup/startup_mk64f12.o
                0x00005a20                CAN0_Bus_Off_IRQHandler
 .text.CAN0_Error_IRQHandler
                0x00005a28        0x8 ./startup/startup_mk64f12.o
                0x00005a28                CAN0_Error_IRQHandler
 .text.CAN0_Tx_Warning_IRQHandler
                0x00005a30        0x8 ./startup/startup_mk64f12.o
                0x00005a30                CAN0_Tx_Warning_IRQHandler
 .text.CAN0_Rx_Warning_IRQHandler
                0x00005a38        0x8 ./startup/startup_mk64f12.o
                0x00005a38                CAN0_Rx_Warning_IRQHandler
 .text.CAN0_Wake_Up_IRQHandler
                0x00005a40        0x8 ./startup/startup_mk64f12.o
                0x00005a40                CAN0_Wake_Up_IRQHandler
 .text.SDHC_IRQHandler
                0x00005a48        0x8 ./startup/startup_mk64f12.o
                0x00005a48                SDHC_IRQHandler
 .text.ENET_1588_Timer_IRQHandler
                0x00005a50        0x8 ./startup/startup_mk64f12.o
                0x00005a50                ENET_1588_Timer_IRQHandler
 .text.ENET_Transmit_IRQHandler
                0x00005a58        0x8 ./startup/startup_mk64f12.o
                0x00005a58                ENET_Transmit_IRQHandler
 .text.ENET_Receive_IRQHandler
                0x00005a60        0x8 ./startup/startup_mk64f12.o
                0x00005a60                ENET_Receive_IRQHandler
 .text.ENET_Error_IRQHandler
                0x00005a68        0x8 ./startup/startup_mk64f12.o
                0x00005a68                ENET_Error_IRQHandler
 .text.HardFault_Handler
                0x00005a70       0x2c ./source/semihost_hardfault.o
                0x00005a70                HardFault_Handler
 .text.vListInitialise
                0x00005a9c       0x40 ./freertos/freertos_kernel/list.o
                0x00005a9c                vListInitialise
 .text.vListInitialiseItem
                0x00005adc       0x1a ./freertos/freertos_kernel/list.o
                0x00005adc                vListInitialiseItem
 .text.vListInsertEnd
                0x00005af6       0x48 ./freertos/freertos_kernel/list.o
                0x00005af6                vListInsertEnd
 .text.vListInsert
                0x00005b3e       0x72 ./freertos/freertos_kernel/list.o
                0x00005b3e                vListInsert
 .text.uxListRemove
                0x00005bb0       0x54 ./freertos/freertos_kernel/list.o
                0x00005bb0                uxListRemove
 .text.xQueueGenericCreate
                0x00005c04       0xbe ./freertos/freertos_kernel/queue.o
                0x00005c04                xQueueGenericCreate
 .text.prvInitialiseNewQueue
                0x00005cc2       0x46 ./freertos/freertos_kernel/queue.o
 .text.xQueueGenericSendFromISR
                0x00005d08      0x154 ./freertos/freertos_kernel/queue.o
                0x00005d08                xQueueGenericSendFromISR
 .text.prvCopyDataToQueue
                0x00005e5c       0xd4 ./freertos/freertos_kernel/queue.o
 .text.prvCopyDataFromQueue
                0x00005f30       0x4c ./freertos/freertos_kernel/queue.o
 .text.prvUnlockQueue
                0x00005f7c       0xa4 ./freertos/freertos_kernel/queue.o
 .text.prvIsQueueEmpty
                0x00006020       0x2c ./freertos/freertos_kernel/queue.o
 .text.prvIsQueueFull
                0x0000604c       0x30 ./freertos/freertos_kernel/queue.o
 .text.vQueueWaitForMessageRestricted
                0x0000607c       0x68 ./freertos/freertos_kernel/queue.o
                0x0000607c                vQueueWaitForMessageRestricted
 .text.xTaskCreate
                0x000060e4       0x82 ./freertos/freertos_kernel/tasks.o
                0x000060e4                xTaskCreate
 .text.prvInitialiseNewTask
                0x00006166      0x13a ./freertos/freertos_kernel/tasks.o
 .text.prvDeleteTCB
                0x000062a0       0x20 ./freertos/freertos_kernel/tasks.o
 .text.prvTimerTask
                0x000062c0       0x24 ./freertos/freertos_kernel/timers.o
 .text.CLOCK_EnableClock
                0x000062e4       0x34 ./drivers/fsl_clock.o
 .text.CLOCK_DisableClock
                0x00006318       0x38 ./drivers/fsl_clock.o
 .text.OSC_SetExtRefClkConfig
                0x00006350       0x34 ./drivers/fsl_clock.o
 .text.OSC_SetCapLoad
                0x00006384       0x34 ./drivers/fsl_clock.o
 .text.CLOCK_GetPll0RefFreq
                0x000063b8        0xe ./drivers/fsl_clock.o
 .text.CLOCK_GetFixedFreqClkFreq
                0x000063c6       0x34 ./drivers/fsl_clock.o
                0x000063c6                CLOCK_GetFixedFreqClkFreq
 .text.CLOCK_EnableClock
                0x000063fa       0x34 ./drivers/fsl_flexcan.o
 .text.EnableIRQ
                0x0000642e       0x32 ./drivers/fsl_flexcan.o
 .text.FLEXCAN_GetStatusFlags
                0x00006460       0x18 ./drivers/fsl_flexcan.o
 .text.FLEXCAN_ClearStatusFlags
                0x00006478       0x1c ./drivers/fsl_flexcan.o
 .text.FLEXCAN_GetMbStatusFlags
                0x00006494       0x1e ./drivers/fsl_flexcan.o
 .text.FLEXCAN_ClearMbStatusFlags
                0x000064b2       0x1c ./drivers/fsl_flexcan.o
 .text.FLEXCAN_EnableMbInterrupts
                0x000064ce       0x22 ./drivers/fsl_flexcan.o
 .text.FLEXCAN_DisableMbInterrupts
                0x000064f0       0x24 ./drivers/fsl_flexcan.o
 .text.FLEXCAN_Enable
                0x00006514       0x54 ./drivers/fsl_flexcan.o
 .text.FLEXCAN_EnterFreezeMode
                0x00006568       0x3c ./drivers/fsl_flexcan.o
                0x00006568                FLEXCAN_EnterFreezeMode
 .text.FLEXCAN_ExitFreezeMode
                0x000065a4       0x3c ./drivers/fsl_flexcan.o
                0x000065a4                FLEXCAN_ExitFreezeMode
 .text.FLEXCAN_IsMbOccupied
                0x000065e0       0x56 ./drivers/fsl_flexcan.o
 .text.UART0_RX_TX_DriverIRQHandler
                0x00006636       0x12 ./drivers/fsl_uart.o
                0x00006636                UART0_RX_TX_DriverIRQHandler
 .text.UART1_RX_TX_DriverIRQHandler
                0x00006648       0x12 ./drivers/fsl_uart.o
                0x00006648                UART1_RX_TX_DriverIRQHandler
 .text.UART2_RX_TX_DriverIRQHandler
                0x0000665a       0x12 ./drivers/fsl_uart.o
                0x0000665a                UART2_RX_TX_DriverIRQHandler
 .text.UART3_RX_TX_DriverIRQHandler
                0x0000666c       0x12 ./drivers/fsl_uart.o
                0x0000666c                UART3_RX_TX_DriverIRQHandler
 .text.UART4_RX_TX_DriverIRQHandler
                0x0000667e       0x12 ./drivers/fsl_uart.o
                0x0000667e                UART4_RX_TX_DriverIRQHandler
 .text.UART5_RX_TX_DriverIRQHandler
                0x00006690       0x12 ./drivers/fsl_uart.o
                0x00006690                UART5_RX_TX_DriverIRQHandler
 .text.SystemInitHook
                0x000066a2        0xe ./device/system_MK64F12.o
                0x000066a2                SystemInitHook
 .text.DbgConsole_Init
                0x000066b0       0x20 ./board/board.o
 .text.BOARD_InitDebugConsole
                0x000066d0       0x22 ./board/board.o
                0x000066d0                BOARD_InitDebugConsole
 .text.BOARD_InitBootClocks
                0x000066f2        0xc ./board/clock_config.o
                0x000066f2                BOARD_InitBootClocks
 .text.CLOCK_EnableClock
                0x000066fe       0x34 ./board/pin_mux.o
 .text.PORT_SetPinMux
                0x00006732       0x3a ./board/pin_mux.o
 .text.BOARD_InitBootPins
                0x0000676c       0x10 ./board/pin_mux.o
                0x0000676c                BOARD_InitBootPins
 .text.__main   0x0000677c        0xe c:/nxp/mcuxpressoide_11.4.0_6237/ide/plugins/com.nxp.mcuxpresso.tools.win32_11.4.0.202103011116/tools/bin/../lib/gcc/arm-none-eabi/10.2.1/../../../../arm-none-eabi/lib/thumb/v7e-m+fp/hard\libcr_semihost_nf.a(_cr__main.o)
                0x0000677c                __CR_SEMIHOST
                0x0000677c                __main
 .text.memcpy   0x0000678a        0x4 c:/nxp/mcuxpressoide_11.4.0_6237/ide/plugins/com.nxp.mcuxpresso.tools.win32_11.4.0.202103011116/tools/bin/../lib/gcc/arm-none-eabi/10.2.1/../../../../arm-none-eabi/lib/thumb/v7e-m+fp/hard\libcr_c.a(memcpy.o)
                0x0000678a                memcpy
 .text.memset   0x0000678e        0x4 c:/nxp/mcuxpressoide_11.4.0_6237/ide/plugins/com.nxp.mcuxpresso.tools.win32_11.4.0.202103011116/tools/bin/../lib/gcc/arm-none-eabi/10.2.1/../../../../arm-none-eabi/lib/thumb/v7e-m+fp/hard\libcr_c.a(memset.o)
                0x0000678e                memset
 .text._deferredlazyseek
                0x00006792       0x40 c:/nxp/mcuxpressoide_11.4.0_6237/ide/plugins/com.nxp.mcuxpresso.tools.win32_11.4.0.202103011116/tools/bin/../lib/gcc/arm-none-eabi/10.2.1/../../../../arm-none-eabi/lib/thumb/v7e-m+fp/hard\libcr_c.a(_deferredlazyseek.o)
                0x00006792                _deferredlazyseek
 .text.__flsbuf
                0x000067d2      0x140 c:/nxp/mcuxpressoide_11.4.0_6237/ide/plugins/com.nxp.mcuxpresso.tools.win32_11.4.0.202103011116/tools/bin/../lib/gcc/arm-none-eabi/10.2.1/../../../../arm-none-eabi/lib/thumb/v7e-m+fp/hard\libcr_c.a(_deferredlazyseek.o)
                0x000067d2                __flsbuf
 .text._fflush  0x00006912       0x52 c:/nxp/mcuxpressoide_11.4.0_6237/ide/plugins/com.nxp.mcuxpresso.tools.win32_11.4.0.202103011116/tools/bin/../lib/gcc/arm-none-eabi/10.2.1/../../../../arm-none-eabi/lib/thumb/v7e-m+fp/hard\libcr_c.a(_fflush.o)
                0x00006912                _fflush
 .text.free     0x00006964       0x30 c:/nxp/mcuxpressoide_11.4.0_6237/ide/plugins/com.nxp.mcuxpresso.tools.win32_11.4.0.202103011116/tools/bin/../lib/gcc/arm-none-eabi/10.2.1/../../../../arm-none-eabi/lib/thumb/v7e-m+fp/hard\libcr_c.a(alloc.o)
                0x00006964                free
 .text.fputs    0x00006994       0x2c c:/nxp/mcuxpressoide_11.4.0_6237/ide/plugins/com.nxp.mcuxpresso.tools.win32_11.4.0.202103011116/tools/bin/../lib/gcc/arm-none-eabi/10.2.1/../../../../arm-none-eabi/lib/thumb/v7e-m+fp/hard\libcr_c.a(fputs.o)
                0x00006994                fputs
 .text.no_fp_display
                0x000069c0        0x4 c:/nxp/mcuxpressoide_11.4.0_6237/ide/plugins/com.nxp.mcuxpresso.tools.win32_11.4.0.202103011116/tools/bin/../lib/gcc/arm-none-eabi/10.2.1/../../../../arm-none-eabi/lib/thumb/v7e-m+fp/hard\libcr_c.a(printf.o)
 .text.setvbuf  0x000069c4       0x3e c:/nxp/mcuxpressoide_11.4.0_6237/ide/plugins/com.nxp.mcuxpresso.tools.win32_11.4.0.202103011116/tools/bin/../lib/gcc/arm-none-eabi/10.2.1/../../../../arm-none-eabi/lib/thumb/v7e-m+fp/hard\libcr_c.a(setvbuf.o)
                0x000069c4                setvbuf
 .text.strlen   0x00006a02       0x48 c:/nxp/mcuxpressoide_11.4.0_6237/ide/plugins/com.nxp.mcuxpresso.tools.win32_11.4.0.202103011116/tools/bin/../lib/gcc/arm-none-eabi/10.2.1/../../../../arm-none-eabi/lib/thumb/v7e-m+fp/hard\libcr_c.a(strlen.o)
                0x00006a02                strlen
 .text._fdopen  0x00006a4a       0x68 c:/nxp/mcuxpressoide_11.4.0_6237/ide/plugins/com.nxp.mcuxpresso.tools.win32_11.4.0.202103011116/tools/bin/../lib/gcc/arm-none-eabi/10.2.1/../../../../arm-none-eabi/lib/thumb/v7e-m+fp/hard\libcr_c.a(_fdopen.o)
                0x00006a4a                _fdopen
 .text.fclose   0x00006ab2       0x58 c:/nxp/mcuxpressoide_11.4.0_6237/ide/plugins/com.nxp.mcuxpresso.tools.win32_11.4.0.202103011116/tools/bin/../lib/gcc/arm-none-eabi/10.2.1/../../../../arm-none-eabi/lib/thumb/v7e-m+fp/hard\libcr_c.a(fclose.o)
                0x00006ab2                fclose
 .text.remove   0x00006b0a       0x14 c:/nxp/mcuxpressoide_11.4.0_6237/ide/plugins/com.nxp.mcuxpresso.tools.win32_11.4.0.202103011116/tools/bin/../lib/gcc/arm-none-eabi/10.2.1/../../../../arm-none-eabi/lib/thumb/v7e-m+fp/hard\libcr_c.a(remove.o)
                0x00006b0a                remove
 .text._do_fflush
                0x00006b1e       0x40 c:/nxp/mcuxpressoide_11.4.0_6237/ide/plugins/com.nxp.mcuxpresso.tools.win32_11.4.0.202103011116/tools/bin/../lib/gcc/arm-none-eabi/10.2.1/../../../../arm-none-eabi/lib/thumb/v7e-m+fp/hard\libcr_c.a(_do_fflush.o)
                0x00006b1e                _do_fflush
 .text.__aeabi_memcpy
                0x00006b5e       0x34 c:/nxp/mcuxpressoide_11.4.0_6237/ide/plugins/com.nxp.mcuxpresso.tools.win32_11.4.0.202103011116/tools/bin/../lib/gcc/arm-none-eabi/10.2.1/thumb/v7e-m+fp/hard\libcr_eabihelpers.a(memcpy.o)
                0x00006b5e                __aeabi_memcpy
                0x00006b68                __aeabi_memcpy8
                0x00006b68                __aeabi_memcpy4
 .text.__aeabi_memset_lowlevel
                0x00006b92       0x32 c:/nxp/mcuxpressoide_11.4.0_6237/ide/plugins/com.nxp.mcuxpresso.tools.win32_11.4.0.202103011116/tools/bin/../lib/gcc/arm-none-eabi/10.2.1/thumb/v7e-m+fp/hard\libcr_eabihelpers.a(memcpy.o)
                0x00006b92                __aeabi_lowlevel_memset
 .text.__sys_close
                0x00006bc4        0xc c:/nxp/mcuxpressoide_11.4.0_6237/ide/plugins/com.nxp.mcuxpresso.tools.win32_11.4.0.202103011116/tools/bin/../lib/gcc/arm-none-eabi/10.2.1/../../../../arm-none-eabi/lib/thumb/v7e-m+fp/hard\libcr_semihost_nf.a(__sys_close.o)
                0x00006bc4                __sys_close
 .text.__sys_flen
                0x00006bd0        0xc c:/nxp/mcuxpressoide_11.4.0_6237/ide/plugins/com.nxp.mcuxpresso.tools.win32_11.4.0.202103011116/tools/bin/../lib/gcc/arm-none-eabi/10.2.1/../../../../arm-none-eabi/lib/thumb/v7e-m+fp/hard\libcr_semihost_nf.a(__sys_flen.o)
                0x00006bd0                __sys_flen
 .text.__sys_istty
                0x00006bdc        0xc c:/nxp/mcuxpressoide_11.4.0_6237/ide/plugins/com.nxp.mcuxpresso.tools.win32_11.4.0.202103011116/tools/bin/../lib/gcc/arm-none-eabi/10.2.1/../../../../arm-none-eabi/lib/thumb/v7e-m+fp/hard\libcr_semihost_nf.a(__sys_istty.o)
                0x00006bdc                __sys_istty
 .text.__sys_remove
                0x00006be8        0xc c:/nxp/mcuxpressoide_11.4.0_6237/ide/plugins/com.nxp.mcuxpresso.tools.win32_11.4.0.202103011116/tools/bin/../lib/gcc/arm-none-eabi/10.2.1/../../../../arm-none-eabi/lib/thumb/v7e-m+fp/hard\libcr_semihost_nf.a(__sys_remove.o)
                0x00006be8                __sys_remove
 .text.__sys_seek
                0x00006bf4        0xc c:/nxp/mcuxpressoide_11.4.0_6237/ide/plugins/com.nxp.mcuxpresso.tools.win32_11.4.0.202103011116/tools/bin/../lib/gcc/arm-none-eabi/10.2.1/../../../../arm-none-eabi/lib/thumb/v7e-m+fp/hard\libcr_semihost_nf.a(__sys_seek.o)
                0x00006bf4                __sys_seek
 .text.__sys_tmpnam
                0x00006c00        0xc c:/nxp/mcuxpressoide_11.4.0_6237/ide/plugins/com.nxp.mcuxpresso.tools.win32_11.4.0.202103011116/tools/bin/../lib/gcc/arm-none-eabi/10.2.1/../../../../arm-none-eabi/lib/thumb/v7e-m+fp/hard\libcr_semihost_nf.a(__sys_tmpnam.o)
                0x00006c00                __sys_tmpnam
 .text.__sys_write
                0x00006c0c        0xc c:/nxp/mcuxpressoide_11.4.0_6237/ide/plugins/com.nxp.mcuxpresso.tools.win32_11.4.0.202103011116/tools/bin/../lib/gcc/arm-none-eabi/10.2.1/../../../../arm-none-eabi/lib/thumb/v7e-m+fp/hard\libcr_semihost_nf.a(__sys_write.o)
                0x00006c0c                __sys_write
 *freertos*/tasks.o(SORT_BY_ALIGNMENT(.rodata*))
 .rodata.vTaskStartScheduler.str1.4
                0x00006c18        0x5 ./freertos/freertos_kernel/tasks.o
 *(SORT_BY_ALIGNMENT(.rodata) SORT_BY_ALIGNMENT(.rodata.*) SORT_BY_ALIGNMENT(.constdata) SORT_BY_ALIGNMENT(.constdata.*))
 *fill*         0x00006c1d        0x3 ff
 .rodata.main.str1.4
                0x00006c20       0x79 ./source/P2_E3_CAN_NODE.o
 *fill*         0x00006c99        0x3 ff
 .rodata.CAN_Rx_Task.str1.4
                0x00006c9c       0x46 ./source/P2_E3_CAN_NODE.o
 *fill*         0x00006ce2        0x2 ff
 .rodata.CAN_Tx_Task.str1.4
                0x00006ce4       0x4a ./source/P2_E3_CAN_NODE.o
 *fill*         0x00006d2e        0x2 ff
 .rodata.xTimerCreateTimerTask.str1.4
                0x00006d30        0x8 ./freertos/freertos_kernel/timers.o
 .rodata.prvCheckForValidListAndQueue.str1.4
                0x00006d38        0x5 ./freertos/freertos_kernel/timers.o
 *fill*         0x00006d3d        0x3 ff
 .rodata.CLOCK_GetMcgExtClkFreq.str1.4
                0x00006d40       0x4e ./drivers/fsl_clock.o
 *fill*         0x00006d8e        0x2 ff
 .rodata.CLOCK_GetOsc0ErClkFreq.str1.4
                0x00006d90       0x1f ./drivers/fsl_clock.o
 *fill*         0x00006daf        0x1 ff
 .rodata.CLOCK_GetEr32kClkFreq.str1.4
                0x00006db0       0x20 ./drivers/fsl_clock.o
 .rodata.CLOCK_GetPll0Freq.str1.4
                0x00006dd0       0x1e ./drivers/fsl_clock.o
 *fill*         0x00006dee        0x2 ff
 .rodata.CLOCK_EnablePll0.str1.4
                0x00006df0       0x1b ./drivers/fsl_clock.o
 *fill*         0x00006e0b        0x1 ff
 .rodata.CLOCK_SetPbeMode.str1.4
                0x00006e0c       0x1b ./drivers/fsl_clock.o
 *fill*         0x00006e27        0x1 ff
 .rodata.CLOCK_BootToPeeMode.str1.4
                0x00006e28       0x1b ./drivers/fsl_clock.o
 *fill*         0x00006e43        0x1 ff
 .rodata.fllFactorTable.1
                0x00006e44       0x10 ./drivers/fsl_clock.o
 .rodata.FLEXCAN_GetInstance.str1.4
                0x00006e54       0x3b ./drivers/fsl_flexcan.o
 *fill*         0x00006e8f        0x1 ff
 .rodata.FLEXCAN_IsMbIntEnabled.str1.4
                0x00006e90       0x5f ./drivers/fsl_flexcan.o
 *fill*         0x00006eef        0x1 ff
 .rodata.FLEXCAN_Reset.str1.4
                0x00006ef0       0x3b ./drivers/fsl_flexcan.o
 *fill*         0x00006f2b        0x1 ff
 .rodata.FLEXCAN_SetBitRate.str1.4
                0x00006f2c       0xbd ./drivers/fsl_flexcan.o
 *fill*         0x00006fe9        0x3 ff
 .rodata.FLEXCAN_Init.str1.4
                0x00006fec       0xdf ./drivers/fsl_flexcan.o
 *fill*         0x000070cb        0x1 ff
 .rodata.FLEXCAN_GetDefaultConfig.str1.4
                0x000070cc       0x26 ./drivers/fsl_flexcan.o
 *fill*         0x000070f2        0x2 ff
 .rodata.FLEXCAN_SetTimingConfig.str1.4
                0x000070f4       0x26 ./drivers/fsl_flexcan.o
 *fill*         0x0000711a        0x2 ff
 .rodata.FLEXCAN_SetTxMbConfig.str1.4
                0x0000711c       0x79 ./drivers/fsl_flexcan.o
 *fill*         0x00007195        0x3 ff
 .rodata.FLEXCAN_SetRxMbConfig.str1.4
                0x00007198       0xbd ./drivers/fsl_flexcan.o
 *fill*         0x00007255        0x3 ff
 .rodata.FLEXCAN_WriteTxMb.str1.4
                0x00007258       0xd1 ./drivers/fsl_flexcan.o
 *fill*         0x00007329        0x3 ff
 .rodata.FLEXCAN_ReadRxMb.str1.4
                0x0000732c       0xa1 ./drivers/fsl_flexcan.o
 *fill*         0x000073cd        0x3 ff
 .rodata.FLEXCAN_ReadRxFifo.str1.4
                0x000073d0       0x27 ./drivers/fsl_flexcan.o
 *fill*         0x000073f7        0x1 ff
 .rodata.FLEXCAN_TransferCreateHandle.str1.4
                0x000073f8       0x25 ./drivers/fsl_flexcan.o
 *fill*         0x0000741d        0x3 ff
 .rodata.FLEXCAN_TransferSendNonBlocking.str1.4
                0x00007420       0xde ./drivers/fsl_flexcan.o
 *fill*         0x000074fe        0x2 ff
 .rodata.FLEXCAN_TransferReceiveNonBlocking.str1.4
                0x00007500       0xde ./drivers/fsl_flexcan.o
 *fill*         0x000075de        0x2 ff
 .rodata.FLEXCAN_TransferAbortSend.str1.4
                0x000075e0       0xa1 ./drivers/fsl_flexcan.o
 *fill*         0x00007681        0x3 ff
 .rodata.FLEXCAN_TransferAbortReceive.str1.4
                0x00007684       0xa1 ./drivers/fsl_flexcan.o
 *fill*         0x00007725        0x3 ff
 .rodata.FLEXCAN_TransferAbortReceiveFifo.str1.4
                0x00007728       0x25 ./drivers/fsl_flexcan.o
 *fill*         0x0000774d        0x3 ff
 .rodata.FLEXCAN_TransferHandleIRQ.str1.4
                0x00007750       0x25 ./drivers/fsl_flexcan.o
 *fill*         0x00007775        0x3 ff
 .rodata.CAN0_DriverIRQHandler.str1.4
                0x00007778       0x31 ./drivers/fsl_flexcan.o
 *fill*         0x000077a9        0x3 ff
 .rodata.mcgConfig_BOARD_BootClockRUN
                0x000077ac        0xb ./board/clock_config.o
                0x000077ac                mcgConfig_BOARD_BootClockRUN
 *fill*         0x000077b7        0x1 ff
 .rodata.simConfig_BOARD_BootClockRUN
                0x000077b8        0x8 ./board/clock_config.o
                0x000077b8                simConfig_BOARD_BootClockRUN
 .rodata.oscConfig_BOARD_BootClockRUN
                0x000077c0        0x8 ./board/clock_config.o
                0x000077c0                oscConfig_BOARD_BootClockRUN
 .rodata.PORT_SetPinConfig.str1.4
                0x000077c8       0x49 ./board/pin_mux.o
 *fill*         0x00007811        0x3 ff
 .rodata.__num_Ciob_streams
                0x00007814        0x4 c:/nxp/mcuxpressoide_11.4.0_6237/ide/plugins/com.nxp.mcuxpresso.tools.win32_11.4.0.202103011116/tools/bin/../lib/gcc/arm-none-eabi/10.2.1/../../../../arm-none-eabi/lib/thumb/v7e-m+fp/hard\libcr_semihost_nf.a(__ciob.o)
                0x00007814                __num_Ciob_streams
 .rodata.__assertion_failed.str1.1
                0x00007818       0x15 c:/nxp/mcuxpressoide_11.4.0_6237/ide/plugins/com.nxp.mcuxpresso.tools.win32_11.4.0.202103011116/tools/bin/../lib/gcc/arm-none-eabi/10.2.1/../../../../arm-none-eabi/lib/thumb/v7e-m+fp/hard\libcr_semihost_nf.a(_cr_assert.o)
 .rodata._Csys_alloc.str1.1
                0x0000782d       0x18 c:/nxp/mcuxpressoide_11.4.0_6237/ide/plugins/com.nxp.mcuxpresso.tools.win32_11.4.0.202103011116/tools/bin/../lib/gcc/arm-none-eabi/10.2.1/../../../../arm-none-eabi/lib/thumb/v7e-m+fp/hard\libcr_c.a(alloc.o)
 .rodata._initio.str1.1
                0x00007845        0x4 c:/nxp/mcuxpressoide_11.4.0_6237/ide/plugins/com.nxp.mcuxpresso.tools.win32_11.4.0.202103011116/tools/bin/../lib/gcc/arm-none-eabi/10.2.1/../../../../arm-none-eabi/lib/thumb/v7e-m+fp/hard\libcr_c.a(initio.o)
 .rodata.__vfprintf.str1.1
                0x00007849       0x35 c:/nxp/mcuxpressoide_11.4.0_6237/ide/plugins/com.nxp.mcuxpresso.tools.win32_11.4.0.202103011116/tools/bin/../lib/gcc/arm-none-eabi/10.2.1/../../../../arm-none-eabi/lib/thumb/v7e-m+fp/hard\libcr_c.a(printf.o)
                                 0x38 (size before relaxing)
                0x00007880                . = ALIGN (0x8)
 *fill*         0x0000787e        0x2 ff

.glue_7         0x00007880        0x0
 .glue_7        0x00007880        0x0 linker stubs

.glue_7t        0x00007880        0x0
 .glue_7t       0x00007880        0x0 linker stubs

.vfp11_veneer   0x00007880        0x0
 .vfp11_veneer  0x00007880        0x0 linker stubs

.v4_bx          0x00007880        0x0
 .v4_bx         0x00007880        0x0 linker stubs

.iplt           0x00007880        0x0
 .iplt          0x00007880        0x0 ./startup/startup_mk64f12.o

.rel.dyn        0x00007880        0x0
 .rel.iplt      0x00007880        0x0 ./startup/startup_mk64f12.o

.ARM.extab
 *(SORT_BY_ALIGNMENT(.ARM.extab*) SORT_BY_ALIGNMENT(.gnu.linkonce.armextab.*))

.ARM.exidx      0x00007880        0x0
                0x00007880                __exidx_start = .
 *(SORT_BY_ALIGNMENT(.ARM.exidx*) SORT_BY_ALIGNMENT(.gnu.linkonce.armexidx.*))
                0x00007880                __exidx_end = .
                0x00007880                _etext = .

.m_usb_data
 *(SORT_BY_ALIGNMENT(m_usb_bdt))

.data_RAM2      0x1fff0000        0x0 load address 0x00007880
 FILL mask 0xff
                [!provide]                PROVIDE (__start_data_RAM2 = .)
                [!provide]                PROVIDE (__start_data_SRAM_LOWER = .)
 *(SORT_BY_ALIGNMENT(.ramfunc.$RAM2))
 *(SORT_BY_ALIGNMENT(.ramfunc.$SRAM_LOWER))
 *(SORT_BY_ALIGNMENT(.data.$RAM2))
 *(SORT_BY_ALIGNMENT(.data.$SRAM_LOWER))
 *(SORT_BY_ALIGNMENT(.data.$RAM2.*))
 *(SORT_BY_ALIGNMENT(.data.$SRAM_LOWER.*))
                0x1fff0000                . = ALIGN (0x8)
                [!provide]                PROVIDE (__end_data_RAM2 = .)
                [!provide]                PROVIDE (__end_data_SRAM_LOWER = .)

.data_RAM3      0x14000000        0x0 load address 0x00007880
 FILL mask 0xff
                [!provide]                PROVIDE (__start_data_RAM3 = .)
                [!provide]                PROVIDE (__start_data_FLEX_RAM = .)
 *(SORT_BY_ALIGNMENT(.ramfunc.$RAM3))
 *(SORT_BY_ALIGNMENT(.ramfunc.$FLEX_RAM))
 *(SORT_BY_ALIGNMENT(.data.$RAM3))
 *(SORT_BY_ALIGNMENT(.data.$FLEX_RAM))
 *(SORT_BY_ALIGNMENT(.data.$RAM3.*))
 *(SORT_BY_ALIGNMENT(.data.$FLEX_RAM.*))
                0x14000000                . = ALIGN (0x8)
                [!provide]                PROVIDE (__end_data_RAM3 = .)
                [!provide]                PROVIDE (__end_data_FLEX_RAM = .)

.uninit_RESERVED
                0x20000000        0x0
                0x20000000                _start_uninit_RESERVED = .
 *(SORT_BY_ALIGNMENT(.bss.$RESERVED*))
                0x20000000                . = ALIGN (0x8)
                0x20000000                _end_uninit_RESERVED = .

.data           0x20000000       0x18 load address 0x00007880
 FILL mask 0xff
                0x20000000                _data = .
                [!provide]                PROVIDE (__start_data_RAM = .)
                [!provide]                PROVIDE (__start_data_SRAM_UPPER = .)
 *(SORT_BY_ALIGNMENT(vtable))
 *(SORT_BY_ALIGNMENT(.ramfunc*))
 *(SORT_BY_ALIGNMENT(CodeQuickAccess))
 *(SORT_BY_ALIGNMENT(DataQuickAccess))
 *(SORT_BY_ALIGNMENT(RamFunction))
 *(SORT_BY_ALIGNMENT(.data*))
 .data.uxCriticalNesting
                0x20000000        0x4 ./freertos/freertos_kernel/portable/GCC/ARM_CM4F/port.o
 .data.uxTopUsedPriority
                0x20000004        0x4 ./freertos/freertos_kernel/tasks.o
                0x20000004                uxTopUsedPriority
 .data.s_slowIrcFreq
                0x20000008        0x4 ./drivers/fsl_clock.o
 .data.s_fastIrcFreq
                0x2000000c        0x4 ./drivers/fsl_clock.o
 .data.SystemCoreClock
                0x20000010        0x4 ./device/system_MK64F12.o
                0x20000010                SystemCoreClock
                0x20000018                . = ALIGN (0x8)
 *fill*         0x20000014        0x4 ff
                0x20000018                _edata = .
                [!provide]                PROVIDE (__end_data_RAM = .)
                [!provide]                PROVIDE (__end_data_SRAM_UPPER = .)

.igot.plt       0x20000018        0x0 load address 0x00007898
 .igot.plt      0x20000018        0x0 ./startup/startup_mk64f12.o

.bss_RAM2       0x1fff0000        0x0
                [!provide]                PROVIDE (__start_bss_RAM2 = .)
                [!provide]                PROVIDE (__start_bss_SRAM_LOWER = .)
 *(SORT_BY_ALIGNMENT(.bss.$RAM2))
 *(SORT_BY_ALIGNMENT(.bss.$SRAM_LOWER))
 *(SORT_BY_ALIGNMENT(.bss.$RAM2.*))
 *(SORT_BY_ALIGNMENT(.bss.$SRAM_LOWER.*))
                0x1fff0000                . = ALIGN ((. != 0x0)?0x8:0x1)
                [!provide]                PROVIDE (__end_bss_RAM2 = .)
                [!provide]                PROVIDE (__end_bss_SRAM_LOWER = .)

.bss_RAM3       0x14000000        0x0
                [!provide]                PROVIDE (__start_bss_RAM3 = .)
                [!provide]                PROVIDE (__start_bss_FLEX_RAM = .)
 *(SORT_BY_ALIGNMENT(.bss.$RAM3))
 *(SORT_BY_ALIGNMENT(.bss.$FLEX_RAM))
 *(SORT_BY_ALIGNMENT(.bss.$RAM3.*))
 *(SORT_BY_ALIGNMENT(.bss.$FLEX_RAM.*))
                0x14000000                . = ALIGN ((. != 0x0)?0x8:0x1)
                [!provide]                PROVIDE (__end_bss_RAM3 = .)
                [!provide]                PROVIDE (__end_bss_FLEX_RAM = .)

.bss            0x20000018     0x2b80
                0x20000018                _bss = .
                [!provide]                PROVIDE (__start_bss_RAM = .)
                [!provide]                PROVIDE (__start_bss_SRAM_UPPER = .)
 *(SORT_BY_ALIGNMENT(.bss*))
 .bss.flexcanHandle
                0x20000018       0xa0 ./source/P2_E3_CAN_NODE.o
                0x20000018                flexcanHandle
 .bss.txXfer    0x200000b8        0x8 ./source/P2_E3_CAN_NODE.o
                0x200000b8                txXfer
 .bss.rxXfer    0x200000c0        0x8 ./source/P2_E3_CAN_NODE.o
                0x200000c0                rxXfer
 .bss.txFrame   0x200000c8       0x10 ./source/P2_E3_CAN_NODE.o
                0x200000c8                txFrame
 .bss.rxFrame   0x200000d8       0x10 ./source/P2_E3_CAN_NODE.o
                0x200000d8                rxFrame
 .bss.mbConfig  0x200000e8        0x8 ./source/P2_E3_CAN_NODE.o
                0x200000e8                mbConfig
 .bss.ucHeap    0x200000f0     0x2800 ./freertos/freertos_kernel/portable/MemMang/heap_4.o
 .bss.xStart    0x200028f0        0x8 ./freertos/freertos_kernel/portable/MemMang/heap_4.o
 .bss.pxEnd     0x200028f8        0x4 ./freertos/freertos_kernel/portable/MemMang/heap_4.o
 .bss.xFreeBytesRemaining
                0x200028fc        0x4 ./freertos/freertos_kernel/portable/MemMang/heap_4.o
 .bss.xMinimumEverFreeBytesRemaining
                0x20002900        0x4 ./freertos/freertos_kernel/portable/MemMang/heap_4.o
 .bss.xNumberOfSuccessfulAllocations
                0x20002904        0x4 ./freertos/freertos_kernel/portable/MemMang/heap_4.o
 .bss.xNumberOfSuccessfulFrees
                0x20002908        0x4 ./freertos/freertos_kernel/portable/MemMang/heap_4.o
 .bss.xBlockAllocatedBit
                0x2000290c        0x4 ./freertos/freertos_kernel/portable/MemMang/heap_4.o
 .bss.ulMaxPRIGROUPValue
                0x20002910        0x4 ./freertos/freertos_kernel/portable/GCC/ARM_CM4F/port.o
 .bss.xQueueRegistry
                0x20002914       0x40 ./freertos/freertos_kernel/queue.o
                0x20002914                xQueueRegistry
 .bss.pxCurrentTCB
                0x20002954        0x4 ./freertos/freertos_kernel/tasks.o
                0x20002954                pxCurrentTCB
 .bss.pxReadyTasksLists
                0x20002958       0x64 ./freertos/freertos_kernel/tasks.o
 .bss.xDelayedTaskList1
                0x200029bc       0x14 ./freertos/freertos_kernel/tasks.o
 .bss.xDelayedTaskList2
                0x200029d0       0x14 ./freertos/freertos_kernel/tasks.o
 .bss.pxDelayedTaskList
                0x200029e4        0x4 ./freertos/freertos_kernel/tasks.o
 .bss.pxOverflowDelayedTaskList
                0x200029e8        0x4 ./freertos/freertos_kernel/tasks.o
 .bss.xPendingReadyList
                0x200029ec       0x14 ./freertos/freertos_kernel/tasks.o
 .bss.xTasksWaitingTermination
                0x20002a00       0x14 ./freertos/freertos_kernel/tasks.o
 .bss.uxDeletedTasksWaitingCleanUp
                0x20002a14        0x4 ./freertos/freertos_kernel/tasks.o
 .bss.xSuspendedTaskList
                0x20002a18       0x14 ./freertos/freertos_kernel/tasks.o
 .bss.uxCurrentNumberOfTasks
                0x20002a2c        0x4 ./freertos/freertos_kernel/tasks.o
 .bss.xTickCount
                0x20002a30        0x4 ./freertos/freertos_kernel/tasks.o
 .bss.uxTopReadyPriority
                0x20002a34        0x4 ./freertos/freertos_kernel/tasks.o
 .bss.xSchedulerRunning
                0x20002a38        0x4 ./freertos/freertos_kernel/tasks.o
 .bss.xPendedTicks
                0x20002a3c        0x4 ./freertos/freertos_kernel/tasks.o
 .bss.xYieldPending
                0x20002a40        0x4 ./freertos/freertos_kernel/tasks.o
 .bss.xNumOfOverflows
                0x20002a44        0x4 ./freertos/freertos_kernel/tasks.o
 .bss.uxTaskNumber
                0x20002a48        0x4 ./freertos/freertos_kernel/tasks.o
 .bss.xNextTaskUnblockTime
                0x20002a4c        0x4 ./freertos/freertos_kernel/tasks.o
 .bss.xIdleTaskHandle
                0x20002a50        0x4 ./freertos/freertos_kernel/tasks.o
 .bss.uxSchedulerSuspended
                0x20002a54        0x4 ./freertos/freertos_kernel/tasks.o
 .bss.xActiveTimerList1
                0x20002a58       0x14 ./freertos/freertos_kernel/timers.o
 .bss.xActiveTimerList2
                0x20002a6c       0x14 ./freertos/freertos_kernel/timers.o
 .bss.pxCurrentTimerList
                0x20002a80        0x4 ./freertos/freertos_kernel/timers.o
 .bss.pxOverflowTimerList
                0x20002a84        0x4 ./freertos/freertos_kernel/timers.o
 .bss.xTimerQueue
                0x20002a88        0x4 ./freertos/freertos_kernel/timers.o
 .bss.xTimerTaskHandle
                0x20002a8c        0x4 ./freertos/freertos_kernel/timers.o
 .bss.xLastTime.0
                0x20002a90        0x4 ./freertos/freertos_kernel/timers.o
 .bss.g_xtal0Freq
                0x20002a94        0x4 ./drivers/fsl_clock.o
                0x20002a94                g_xtal0Freq
 .bss.g_xtal32Freq
                0x20002a98        0x4 ./drivers/fsl_clock.o
                0x20002a98                g_xtal32Freq
 .bss.s_flexcanHandle
                0x20002a9c        0x4 ./drivers/fsl_flexcan.o
 .bss.s_flexcanIsr
                0x20002aa0        0x4 ./drivers/fsl_flexcan.o
 .bss.s_i2cHandle
                0x20002aa4        0xc ./drivers/fsl_i2c.o
 .bss.s_i2cMasterIsr
                0x20002ab0        0x4 ./drivers/fsl_i2c.o
 .bss.s_i2cSlaveIsr
                0x20002ab4        0x4 ./drivers/fsl_i2c.o
 .bss.s_uartHandle
                0x20002ab8       0x18 ./drivers/fsl_uart.o
                0x20002ab8                s_uartHandle
 .bss.s_uartIsr
                0x20002ad0        0x4 ./drivers/fsl_uart.o
                0x20002ad0                s_uartIsr
 .bss.__Ciob    0x20002ad4       0xb4 c:/nxp/mcuxpressoide_11.4.0_6237/ide/plugins/com.nxp.mcuxpresso.tools.win32_11.4.0.202103011116/tools/bin/../lib/gcc/arm-none-eabi/10.2.1/../../../../arm-none-eabi/lib/thumb/v7e-m+fp/hard\libcr_semihost_nf.a(__ciob.o)
                0x20002ad4                __Ciob
 .bss.errno     0x20002b88        0x4 c:/nxp/mcuxpressoide_11.4.0_6237/ide/plugins/com.nxp.mcuxpresso.tools.win32_11.4.0.202103011116/tools/bin/../lib/gcc/arm-none-eabi/10.2.1/../../../../arm-none-eabi/lib/thumb/v7e-m+fp/hard\libcr_c.a(errno.o)
                0x20002b88                errno
 .bss.__end_of_heap
                0x20002b8c        0x4 c:/nxp/mcuxpressoide_11.4.0_6237/ide/plugins/com.nxp.mcuxpresso.tools.win32_11.4.0.202103011116/tools/bin/../lib/gcc/arm-none-eabi/10.2.1/../../../../arm-none-eabi/lib/thumb/v7e-m+fp/hard\libcr_c.a(__init_alloc.o)
                0x20002b8c                __end_of_heap
 .bss.__heaps   0x20002b90        0x4 c:/nxp/mcuxpressoide_11.4.0_6237/ide/plugins/com.nxp.mcuxpresso.tools.win32_11.4.0.202103011116/tools/bin/../lib/gcc/arm-none-eabi/10.2.1/../../../../arm-none-eabi/lib/thumb/v7e-m+fp/hard\libcr_c.a(__init_alloc.o)
                0x20002b90                __heaps
 .bss.txComplete
                0x20002b94        0x1 ./source/P2_E3_CAN_NODE.o
                0x20002b94                txComplete
 .bss.rxComplete
                0x20002b95        0x1 ./source/P2_E3_CAN_NODE.o
                0x20002b95                rxComplete
 .bss.ucMaxSysCallPriority
                0x20002b96        0x1 ./freertos/freertos_kernel/portable/GCC/ARM_CM4F/port.o
 *(SORT_BY_ALIGNMENT(COMMON))
                0x20002b98                . = ALIGN (0x8)
 *fill*         0x20002b97        0x1 
                0x20002b98                _ebss = .
                [!provide]                PROVIDE (__end_bss_RAM = .)
                [!provide]                PROVIDE (__end_bss_SRAM_UPPER = .)
                [!provide]                PROVIDE (end = .)

.noinit_RAM2    0x1fff0000        0x0
                [!provide]                PROVIDE (__start_noinit_RAM2 = .)
                [!provide]                PROVIDE (__start_noinit_SRAM_LOWER = .)
 *(SORT_BY_ALIGNMENT(.noinit.$RAM2))
 *(SORT_BY_ALIGNMENT(.noinit.$SRAM_LOWER))
 *(SORT_BY_ALIGNMENT(.noinit.$RAM2.*))
 *(SORT_BY_ALIGNMENT(.noinit.$SRAM_LOWER.*))
                0x1fff0000                . = ALIGN (0x8)
                [!provide]                PROVIDE (__end_noinit_RAM2 = .)
                [!provide]                PROVIDE (__end_noinit_SRAM_LOWER = .)

.noinit_RAM3    0x14000000        0x0
                [!provide]                PROVIDE (__start_noinit_RAM3 = .)
                [!provide]                PROVIDE (__start_noinit_FLEX_RAM = .)
 *(SORT_BY_ALIGNMENT(.noinit.$RAM3))
 *(SORT_BY_ALIGNMENT(.noinit.$FLEX_RAM))
 *(SORT_BY_ALIGNMENT(.noinit.$RAM3.*))
 *(SORT_BY_ALIGNMENT(.noinit.$FLEX_RAM.*))
                0x14000000                . = ALIGN (0x8)
                [!provide]                PROVIDE (__end_noinit_RAM3 = .)
                [!provide]                PROVIDE (__end_noinit_FLEX_RAM = .)

.noinit         0x20002b98        0x0
                0x20002b98                _noinit = .
                [!provide]                PROVIDE (__start_noinit_RAM = .)
                [!provide]                PROVIDE (__start_noinit_SRAM_UPPER = .)
 *(SORT_BY_ALIGNMENT(.noinit*))
                0x20002b98                . = ALIGN (0x8)
                0x20002b98                _end_noinit = .
                [!provide]                PROVIDE (__end_noinit_RAM = .)
                [!provide]                PROVIDE (__end_noinit_SRAM_UPPER = .)
                0x00001000                _HeapSize = 0x1000

.heap           0x20002b98     0x1000
                0x20002b98                _pvHeapStart = .
                0x20003b98                . = (. + _HeapSize)
 *fill*         0x20002b98     0x1000 
                0x20003b98                . = ALIGN (0x8)
                0x20003b98                _pvHeapLimit = .
                0x00001000                _StackSize = 0x1000

.heap2stackfill
                0x20003b98     0x1000
                0x20004b98                . = (. + _StackSize)
 *fill*         0x20003b98     0x1000 

.stack          0x2002f000        0x0
                0x2002f000                _vStackBase = .
                0x2002f000                . = ALIGN (0x8)
                0x20030000                _vStackTop = (. + _StackSize)
                0x00000000                _image_start = LOADADDR (.text)
                0x00007898                _image_end = (LOADADDR (.data) + SIZEOF (.data))
                0x00007898                _image_size = (_image_end - _image_start)
OUTPUT(P2_E3_CAN_NODE.axf elf32-littlearm)
LOAD linker stubs

.debug_info     0x00000000    0x10f70
 .debug_info    0x00000000      0x93a ./startup/startup_mk64f12.o
 .debug_info    0x0000093a      0xd6b ./source/P2_E3_CAN_NODE.o
 .debug_info    0x000016a5       0x3c ./source/semihost_hardfault.o
 .debug_info    0x000016e1      0x4c1 ./freertos/freertos_kernel/portable/MemMang/heap_4.o
 .debug_info    0x00001ba2      0x4d9 ./freertos/freertos_kernel/portable/GCC/ARM_CM4F/port.o
 .debug_info    0x0000207b      0x2be ./freertos/freertos_kernel/list.o
 .debug_info    0x00002339     0x1725 ./freertos/freertos_kernel/queue.o
 .debug_info    0x00003a5e     0x21a8 ./freertos/freertos_kernel/tasks.o
 .debug_info    0x00005c06      0xe72 ./freertos/freertos_kernel/timers.o
 .debug_info    0x00006a78     0x21ab ./drivers/fsl_clock.o
 .debug_info    0x00008c23     0x2484 ./drivers/fsl_flexcan.o
 .debug_info    0x0000b0a7     0x1e7a ./drivers/fsl_i2c.o
 .debug_info    0x0000cf21     0x1f78 ./drivers/fsl_uart.o
 .debug_info    0x0000ee99      0x649 ./device/system_MK64F12.o
 .debug_info    0x0000f4e2      0x19e ./board/board.o
 .debug_info    0x0000f680      0xcb8 ./board/clock_config.o
 .debug_info    0x00010338      0xc38 ./board/pin_mux.o

.debug_abbrev   0x00000000     0x2521
 .debug_abbrev  0x00000000      0x185 ./startup/startup_mk64f12.o
 .debug_abbrev  0x00000185      0x219 ./source/P2_E3_CAN_NODE.o
 .debug_abbrev  0x0000039e       0x31 ./source/semihost_hardfault.o
 .debug_abbrev  0x000003cf      0x1d7 ./freertos/freertos_kernel/portable/MemMang/heap_4.o
 .debug_abbrev  0x000005a6      0x231 ./freertos/freertos_kernel/portable/GCC/ARM_CM4F/port.o
 .debug_abbrev  0x000007d7       0xf2 ./freertos/freertos_kernel/list.o
 .debug_abbrev  0x000008c9      0x278 ./freertos/freertos_kernel/queue.o
 .debug_abbrev  0x00000b41      0x2d7 ./freertos/freertos_kernel/tasks.o
 .debug_abbrev  0x00000e18      0x24b ./freertos/freertos_kernel/timers.o
 .debug_abbrev  0x00001063      0x359 ./drivers/fsl_clock.o
 .debug_abbrev  0x000013bc      0x2f1 ./drivers/fsl_flexcan.o
 .debug_abbrev  0x000016ad      0x363 ./drivers/fsl_i2c.o
 .debug_abbrev  0x00001a10      0x42e ./drivers/fsl_uart.o
 .debug_abbrev  0x00001e3e      0x148 ./device/system_MK64F12.o
 .debug_abbrev  0x00001f86       0xd4 ./board/board.o
 .debug_abbrev  0x0000205a      0x246 ./board/clock_config.o
 .debug_abbrev  0x000022a0      0x281 ./board/pin_mux.o

.debug_aranges  0x00000000     0x10f8
 .debug_aranges
                0x00000000      0x330 ./startup/startup_mk64f12.o
 .debug_aranges
                0x00000330       0x38 ./source/P2_E3_CAN_NODE.o
 .debug_aranges
                0x00000368       0x20 ./source/semihost_hardfault.o
 .debug_aranges
                0x00000388       0x58 ./freertos/freertos_kernel/portable/MemMang/heap_4.o
 .debug_aranges
                0x000003e0       0x80 ./freertos/freertos_kernel/portable/GCC/ARM_CM4F/port.o
 .debug_aranges
                0x00000460       0x40 ./freertos/freertos_kernel/list.o
 .debug_aranges
                0x000004a0      0x130 ./freertos/freertos_kernel/queue.o
 .debug_aranges
                0x000005d0      0x208 ./freertos/freertos_kernel/tasks.o
 .debug_aranges
                0x000007d8       0xe8 ./freertos/freertos_kernel/timers.o
 .debug_aranges
                0x000008c0      0x1f8 ./drivers/fsl_clock.o
 .debug_aranges
                0x00000ab8      0x1a8 ./drivers/fsl_flexcan.o
 .debug_aranges
                0x00000c60      0x180 ./drivers/fsl_i2c.o
 .debug_aranges
                0x00000de0      0x1b8 ./drivers/fsl_uart.o
 .debug_aranges
                0x00000f98       0x30 ./device/system_MK64F12.o
 .debug_aranges
                0x00000fc8       0x28 ./board/board.o
 .debug_aranges
                0x00000ff0       0x80 ./board/clock_config.o
 .debug_aranges
                0x00001070       0x88 ./board/pin_mux.o

.debug_ranges   0x00000000     0x1000
 .debug_ranges  0x00000000      0x320 ./startup/startup_mk64f12.o
 .debug_ranges  0x00000320       0x28 ./source/P2_E3_CAN_NODE.o
 .debug_ranges  0x00000348       0x10 ./source/semihost_hardfault.o
 .debug_ranges  0x00000358       0x48 ./freertos/freertos_kernel/portable/MemMang/heap_4.o
 .debug_ranges  0x000003a0       0x70 ./freertos/freertos_kernel/portable/GCC/ARM_CM4F/port.o
 .debug_ranges  0x00000410       0x30 ./freertos/freertos_kernel/list.o
 .debug_ranges  0x00000440      0x120 ./freertos/freertos_kernel/queue.o
 .debug_ranges  0x00000560      0x1f8 ./freertos/freertos_kernel/tasks.o
 .debug_ranges  0x00000758       0xd8 ./freertos/freertos_kernel/timers.o
 .debug_ranges  0x00000830      0x1e8 ./drivers/fsl_clock.o
 .debug_ranges  0x00000a18      0x1b0 ./drivers/fsl_flexcan.o
 .debug_ranges  0x00000bc8      0x170 ./drivers/fsl_i2c.o
 .debug_ranges  0x00000d38      0x1a8 ./drivers/fsl_uart.o
 .debug_ranges  0x00000ee0       0x20 ./device/system_MK64F12.o
 .debug_ranges  0x00000f00       0x18 ./board/board.o
 .debug_ranges  0x00000f18       0x70 ./board/clock_config.o
 .debug_ranges  0x00000f88       0x78 ./board/pin_mux.o

.debug_macro    0x00000000     0x2069
 .debug_macro   0x00000000       0x29 ./startup/startup_mk64f12.o
 .debug_macro   0x00000029      0x23c ./source/P2_E3_CAN_NODE.o
 .debug_macro   0x00000265       0x1c ./source/P2_E3_CAN_NODE.o
 .debug_macro   0x00000281       0x22 ./source/P2_E3_CAN_NODE.o
 .debug_macro   0x000002a3      0x1a6 ./source/P2_E3_CAN_NODE.o
 .debug_macro   0x00000449       0x3a ./source/P2_E3_CAN_NODE.o
 .debug_macro   0x00000483       0x16 ./source/P2_E3_CAN_NODE.o
 .debug_macro   0x00000499       0xf4 ./source/P2_E3_CAN_NODE.o
 .debug_macro   0x0000058d      0x2ca ./source/P2_E3_CAN_NODE.o
 .debug_macro   0x00000857       0x1c ./source/P2_E3_CAN_NODE.o
 .debug_macro   0x00000873       0x16 ./source/P2_E3_CAN_NODE.o
 .debug_macro   0x00000889       0x16 ./source/P2_E3_CAN_NODE.o
 .debug_macro   0x0000089f      0x181 ./source/P2_E3_CAN_NODE.o
 .debug_macro   0x00000a20       0x46 ./source/P2_E3_CAN_NODE.o
 .debug_macro   0x00000a66       0x11 ./source/semihost_hardfault.o
 .debug_macro   0x00000a77       0xdf ./freertos/freertos_kernel/portable/MemMang/heap_4.o
 .debug_macro   0x00000b56      0x179 ./freertos/freertos_kernel/portable/GCC/ARM_CM4F/port.o
 .debug_macro   0x00000ccf       0x16 ./freertos/freertos_kernel/portable/GCC/ARM_CM4F/port.o
 .debug_macro   0x00000ce5       0xc4 ./freertos/freertos_kernel/list.o
 .debug_macro   0x00000da9      0x12b ./freertos/freertos_kernel/queue.o
 .debug_macro   0x00000ed4      0x188 ./freertos/freertos_kernel/tasks.o
 .debug_macro   0x0000105c       0x10 ./freertos/freertos_kernel/tasks.o
 .debug_macro   0x0000106c      0x10d ./freertos/freertos_kernel/timers.o
 .debug_macro   0x00001179       0x97 ./freertos/freertos_kernel/timers.o
 .debug_macro   0x00001210      0x1d8 ./drivers/fsl_clock.o
 .debug_macro   0x000013e8      0x247 ./drivers/fsl_flexcan.o
 .debug_macro   0x0000162f       0xee ./drivers/fsl_flexcan.o
 .debug_macro   0x0000171d      0x121 ./drivers/fsl_i2c.o
 .debug_macro   0x0000183e       0x1c ./drivers/fsl_i2c.o
 .debug_macro   0x0000185a      0x127 ./drivers/fsl_uart.o
 .debug_macro   0x00001981       0x10 ./drivers/fsl_uart.o
 .debug_macro   0x00001991       0x98 ./device/system_MK64F12.o
 .debug_macro   0x00001a29      0x1db ./board/board.o
 .debug_macro   0x00001c04       0x16 ./board/board.o
 .debug_macro   0x00001c1a      0x1ab ./board/board.o
 .debug_macro   0x00001dc5      0x17d ./board/clock_config.o
 .debug_macro   0x00001f42      0x127 ./board/pin_mux.o

.debug_line     0x00000000     0xbd1d
 .debug_line    0x00000000      0x911 ./startup/startup_mk64f12.o
 .debug_line    0x00000911      0x72f ./source/P2_E3_CAN_NODE.o
 .debug_line    0x00001040       0x59 ./source/semihost_hardfault.o
 .debug_line    0x00001099      0x65c ./freertos/freertos_kernel/portable/MemMang/heap_4.o
 .debug_line    0x000016f5      0x63a ./freertos/freertos_kernel/portable/GCC/ARM_CM4F/port.o
 .debug_line    0x00001d2f      0x411 ./freertos/freertos_kernel/list.o
 .debug_line    0x00002140     0x1297 ./freertos/freertos_kernel/queue.o
 .debug_line    0x000033d7     0x19c1 ./freertos/freertos_kernel/tasks.o
 .debug_line    0x00004d98      0x9f8 ./freertos/freertos_kernel/timers.o
 .debug_line    0x00005790     0x14a2 ./drivers/fsl_clock.o
 .debug_line    0x00006c32     0x142f ./drivers/fsl_flexcan.o
 .debug_line    0x00008061     0x138f ./drivers/fsl_i2c.o
 .debug_line    0x000093f0     0x147e ./drivers/fsl_uart.o
 .debug_line    0x0000a86e      0x3cd ./device/system_MK64F12.o
 .debug_line    0x0000ac3b      0x5ef ./board/board.o
 .debug_line    0x0000b22a      0x4e6 ./board/clock_config.o
 .debug_line    0x0000b710      0x60d ./board/pin_mux.o

.debug_str      0x00000000    0x8d4fc
 .debug_str     0x00000000     0x354f ./startup/startup_mk64f12.o
                               0x3626 (size before relaxing)
 .debug_str     0x0000354f    0x7ffc9 ./source/P2_E3_CAN_NODE.o
                              0x82e91 (size before relaxing)
 .debug_str     0x00083518       0x1f ./source/semihost_hardfault.o
                               0x2dcb (size before relaxing)
 .debug_str     0x00083537      0x3ba ./freertos/freertos_kernel/portable/MemMang/heap_4.o
                               0x94de (size before relaxing)
 .debug_str     0x000838f1      0x84d ./freertos/freertos_kernel/portable/GCC/ARM_CM4F/port.o
                               0x9978 (size before relaxing)
 .debug_str     0x0008413e      0x122 ./freertos/freertos_kernel/list.o
                               0x8069 (size before relaxing)
 .debug_str     0x00084260      0xfc0 ./freertos/freertos_kernel/queue.o
                               0xa2bf (size before relaxing)
 .debug_str     0x00085220     0x1c1a ./freertos/freertos_kernel/tasks.o
                               0xb059 (size before relaxing)
 .debug_str     0x00086e3a      0x5d3 ./freertos/freertos_kernel/timers.o
                               0xa7c6 (size before relaxing)
 .debug_str     0x0008740d     0x1c91 ./drivers/fsl_clock.o
                              0x7c319 (size before relaxing)
 .debug_str     0x0008909e     0x1a7d ./drivers/fsl_flexcan.o
                              0x7d801 (size before relaxing)
 .debug_str     0x0008ab1b      0xcb1 ./drivers/fsl_i2c.o
                              0x7ba08 (size before relaxing)
 .debug_str     0x0008b7cc      0xee4 ./drivers/fsl_uart.o
                              0x7bc53 (size before relaxing)
 .debug_str     0x0008c6b0      0x10f ./device/system_MK64F12.o
                              0x7840b (size before relaxing)
 .debug_str     0x0008c7bf       0xc7 ./board/board.o
                              0x7e7c3 (size before relaxing)
 .debug_str     0x0008c886      0x506 ./board/clock_config.o
                              0x7ae15 (size before relaxing)
 .debug_str     0x0008cd8c      0x770 ./board/pin_mux.o
                              0x7b314 (size before relaxing)

.comment        0x00000000       0x4d
 .comment       0x00000000       0x4d ./startup/startup_mk64f12.o
                                 0x4e (size before relaxing)
 .comment       0x0000004d       0x4e ./source/P2_E3_CAN_NODE.o
 .comment       0x0000004d       0x4e ./source/semihost_hardfault.o
 .comment       0x0000004d       0x4e ./freertos/freertos_kernel/portable/MemMang/heap_4.o
 .comment       0x0000004d       0x4e ./freertos/freertos_kernel/portable/GCC/ARM_CM4F/port.o
 .comment       0x0000004d       0x4e ./freertos/freertos_kernel/list.o
 .comment       0x0000004d       0x4e ./freertos/freertos_kernel/queue.o
 .comment       0x0000004d       0x4e ./freertos/freertos_kernel/tasks.o
 .comment       0x0000004d       0x4e ./freertos/freertos_kernel/timers.o