core_cm4.h:1679:22:__NVIC_EnableIRQ	16	static
fsl_clock.h:668:20:CLOCK_EnableClock	24	static
fsl_clock.h:679:20:CLOCK_DisableClock	24	static
fsl_common_arm.h:488:24:EnableIRQ	24	static
fsl_flexcan.h:1403:24:FLEXCAN_GetStatusFlags	16	static
fsl_flexcan.h:1437:20:FLEXCAN_ClearStatusFlags	16	static
fsl_flexcan.h:1478:24:FLEXCAN_GetMbStatusFlags	16	static
fsl_flexcan.h:1500:20:FLEXCAN_ClearMbStatusFlags	16	static
fsl_flexcan.h:1574:20:FLEXCAN_EnableInterrupts	16	static
fsl_flexcan.h:1623:20:FLEXCAN_DisableInterrupts	16	static
fsl_flexcan.h:1670:20:FLEXCAN_EnableMbInterrupts	16	static
fsl_flexcan.h:1692:20:FLEXCAN_DisableMbInterrupts	16	static
fsl_flexcan.h:1750:20:FLEXCAN_Enable	16	static
fsl_flexcan.c:377:10:FLEXCAN_GetInstance	24	static
fsl_flexcan.c:533:6:FLEXCAN_EnterFreezeMode	16	static
fsl_flexcan.c:551:6:FLEXCAN_ExitFreezeMode	16	static
fsl_flexcan.c:579:13:FLEXCAN_IsMbOccupied	24	static
fsl_flexcan.c:656:13:FLEXCAN_IsMbIntEnabled	24	static
fsl_flexcan.c:687:13:FLEXCAN_Reset	24	static
fsl_flexcan.c:794:13:FLEXCAN_SetBitRate	32	static
fsl_flexcan.c:918:6:FLEXCAN_Init	48	static
fsl_flexcan.c:1171:6:FLEXCAN_Deinit	24	static
fsl_flexcan.c:1216:6:FLEXCAN_GetDefaultConfig	16	static
fsl_flexcan.c:1386:6:FLEXCAN_SetTimingConfig	16	static
fsl_flexcan.c:1495:6:FLEXCAN_SetRxMbGlobalMask	16	static
fsl_flexcan.c:1517:6:FLEXCAN_SetRxFifoGlobalMask	16	static
fsl_flexcan.c:1543:6:FLEXCAN_SetRxIndividualMask	24	static
fsl_flexcan.c:1569:6:FLEXCAN_SetTxMbConfig	16	static
fsl_flexcan.c:1603:13:FLEXCAN_GetSegments	48	static
fsl_flexcan.c:1736:6:FLEXCAN_CalculateImprovedTimingValues	56	static
fsl_flexcan.c:2300:6:FLEXCAN_SetRxMbConfig	32	static
fsl_flexcan.c:2422:6:FLEXCAN_SetRxFifoConfig	40	static
fsl_flexcan.c:2795:10:FLEXCAN_WriteTxMb	32	static
fsl_flexcan.c:2968:10:FLEXCAN_ReadRxMb	40	static
fsl_flexcan.c:3143:10:FLEXCAN_ReadRxFifo	24	static
fsl_flexcan.c:3253:10:FLEXCAN_TransferSendBlocking	32	static
fsl_flexcan.c:3302:10:FLEXCAN_TransferReceiveBlocking	32	static
fsl_flexcan.c:3424:10:FLEXCAN_TransferReceiveFifoBlocking	24	static
fsl_flexcan.c:3484:6:FLEXCAN_TransferCreateHandle	32	static
fsl_flexcan.c:3569:10:FLEXCAN_TransferSendNonBlocking	32	static
fsl_flexcan.c:3633:10:FLEXCAN_TransferReceiveNonBlocking	32	static
fsl_flexcan.c:3803:10:FLEXCAN_TransferReceiveFifoNonBlocking	32	static
fsl_flexcan.c:3931:6:FLEXCAN_TransferAbortSend	32	static
fsl_flexcan.c:4047:6:FLEXCAN_TransferAbortReceive	32	static
fsl_flexcan.c:4078:6:FLEXCAN_TransferAbortReceiveFifo	16	static
fsl_flexcan.c:4149:10:FLEXCAN_GetTimeStamp	16	static
fsl_flexcan.c:4163:13:FLEXCAN_CheckUnhandleInterruptEvents	48	static
fsl_flexcan.c:4208:17:FLEXCAN_SubHandlerForDataTransfered	48	static
fsl_flexcan.c:4478:6:FLEXCAN_TransferHandleIRQ	48	static
fsl_flexcan.c:4533:6:CAN0_DriverIRQHandler	8	static
